kotlin version: 2.0.21
error message: org.jetbrains.kotlin.backend.common.BackendException: Backend Internal error: Exception during IR lowering
File being compiled: /Users/mark/AndroidStudioProjects/TrackEmMobile2/app/src/main/java/com/example/trackemmobile/HuntingMode.kt
The root cause java.lang.RuntimeException was thrown at: org.jetbrains.kotlin.backend.jvm.codegen.FunctionCodegen.generate(FunctionCodegen.kt:47)
	at org.jetbrains.kotlin.backend.common.CodegenUtil.reportBackendException(CodegenUtil.kt:253)
	at org.jetbrains.kotlin.backend.common.CodegenUtil.reportBackendException$default(CodegenUtil.kt:236)
	at org.jetbrains.kotlin.backend.common.phaser.PerformByIrFilePhase.invokeSequential(performByIrFile.kt:65)
	at org.jetbrains.kotlin.backend.common.phaser.PerformByIrFilePhase.invoke(performByIrFile.kt:52)
	at org.jetbrains.kotlin.backend.common.phaser.PerformByIrFilePhase.invoke(performByIrFile.kt:38)
	at org.jetbrains.kotlin.backend.common.phaser.NamedCompilerPhase.phaseBody(CompilerPhase.kt:166)
	at org.jetbrains.kotlin.backend.common.phaser.AbstractNamedCompilerPhase.invoke(CompilerPhase.kt:113)
	at org.jetbrains.kotlin.backend.common.phaser.CompositePhase.invoke(PhaseBuilders.kt:27)
	at org.jetbrains.kotlin.backend.common.phaser.CompositePhase.invoke(PhaseBuilders.kt:14)
	at org.jetbrains.kotlin.backend.common.phaser.NamedCompilerPhase.phaseBody(CompilerPhase.kt:166)
	at org.jetbrains.kotlin.backend.common.phaser.AbstractNamedCompilerPhase.invoke(CompilerPhase.kt:113)
	at org.jetbrains.kotlin.backend.common.phaser.CompilerPhaseKt.invokeToplevel(CompilerPhase.kt:62)
	at org.jetbrains.kotlin.backend.jvm.JvmIrCodegenFactory.invokeCodegen(JvmIrCodegenFactory.kt:371)
	at org.jetbrains.kotlin.codegen.CodegenFactory.generateModule(CodegenFactory.kt:47)
	at org.jetbrains.kotlin.backend.jvm.JvmIrCodegenFactory.generateModuleInFrontendIRMode(JvmIrCodegenFactory.kt:433)
	at org.jetbrains.kotlin.cli.jvm.compiler.pipeline.JvmCompilerPipelineKt.generateCodeFromIr(jvmCompilerPipeline.kt:246)
	at org.jetbrains.kotlin.cli.jvm.compiler.pipeline.JvmCompilerPipelineKt.compileModulesUsingFrontendIrAndLightTree(jvmCompilerPipeline.kt:142)
	at org.jetbrains.kotlin.cli.jvm.K2JVMCompiler.doExecute(K2JVMCompiler.kt:148)
	at org.jetbrains.kotlin.cli.jvm.K2JVMCompiler.doExecute(K2JVMCompiler.kt:43)
	at org.jetbrains.kotlin.cli.common.CLICompiler.execImpl(CLICompiler.kt:103)
	at org.jetbrains.kotlin.cli.common.CLICompiler.execImpl(CLICompiler.kt:49)
	at org.jetbrains.kotlin.cli.common.CLITool.exec(CLITool.kt:101)
	at org.jetbrains.kotlin.incremental.IncrementalJvmCompilerRunner.runCompiler(IncrementalJvmCompilerRunner.kt:464)
	at org.jetbrains.kotlin.incremental.IncrementalJvmCompilerRunner.runCompiler(IncrementalJvmCompilerRunner.kt:73)
	at org.jetbrains.kotlin.incremental.IncrementalCompilerRunner.doCompile(IncrementalCompilerRunner.kt:506)
	at org.jetbrains.kotlin.incremental.IncrementalCompilerRunner.compileImpl(IncrementalCompilerRunner.kt:423)
	at org.jetbrains.kotlin.incremental.IncrementalCompilerRunner.compileNonIncrementally(IncrementalCompilerRunner.kt:301)
	at org.jetbrains.kotlin.incremental.IncrementalCompilerRunner.compile(IncrementalCompilerRunner.kt:129)
	at org.jetbrains.kotlin.daemon.CompileServiceImplBase.execIncrementalCompiler(CompileServiceImpl.kt:675)
	at org.jetbrains.kotlin.daemon.CompileServiceImplBase.access$execIncrementalCompiler(CompileServiceImpl.kt:92)
	at org.jetbrains.kotlin.daemon.CompileServiceImpl.compile(CompileServiceImpl.kt:1660)
	at java.base/jdk.internal.reflect.DirectMethodHandleAccessor.invoke(Unknown Source)
	at java.base/java.lang.reflect.Method.invoke(Unknown Source)
	at java.rmi/sun.rmi.server.UnicastServerRef.dispatch(Unknown Source)
	at java.rmi/sun.rmi.transport.Transport$1.run(Unknown Source)
	at java.rmi/sun.rmi.transport.Transport$1.run(Unknown Source)
	at java.base/java.security.AccessController.doPrivileged(Unknown Source)
	at java.rmi/sun.rmi.transport.Transport.serviceCall(Unknown Source)
	at java.rmi/sun.rmi.transport.tcp.TCPTransport.handleMessages(Unknown Source)
	at java.rmi/sun.rmi.transport.tcp.TCPTransport$ConnectionHandler.run0(Unknown Source)
	at java.rmi/sun.rmi.transport.tcp.TCPTransport$ConnectionHandler.lambda$run$0(Unknown Source)
	at java.base/java.security.AccessController.doPrivileged(Unknown Source)
	at java.rmi/sun.rmi.transport.tcp.TCPTransport$ConnectionHandler.run(Unknown Source)
	at java.base/java.util.concurrent.ThreadPoolExecutor.runWorker(Unknown Source)
	at java.base/java.util.concurrent.ThreadPoolExecutor$Worker.run(Unknown Source)
	at java.base/java.lang.Thread.run(Unknown Source)
Caused by: java.lang.RuntimeException: Exception while generating code for:
FUN name:HuntingModeScreen visibility:public modality:FINAL <> (targetMac:kotlin.String, viewModel:com.veteranop.trackem.ui.hunting.HuntingViewModel, onBack:kotlin.Function0<kotlin.Unit>) returnType:kotlin.Unit
  annotations:
    OptIn(markerClass = [CLASS_REFERENCE 'CLASS IR_EXTERNAL_DECLARATION_STUB ANNOTATION_CLASS name:MapsComposeExperimentalApi modality:OPEN visibility:public superTypes:[kotlin.Annotation]' type=kotlin.reflect.KClass<com.google.maps.android.compose.MapsComposeExperimentalApi>])
    Composable
  VALUE_PARAMETER name:targetMac index:0 type:kotlin.String
  VALUE_PARAMETER name:viewModel index:1 type:com.veteranop.trackem.ui.hunting.HuntingViewModel
    EXPRESSION_BODY
      ERROR_EXPR 'Default Stub' type=com.veteranop.trackem.ui.hunting.HuntingViewModel
  VALUE_PARAMETER name:onBack index:2 type:kotlin.Function0<kotlin.Unit>
  BLOCK_BODY
    VAR PROPERTY_DELEGATE name:samples$delegate type:androidx.compose.runtime.State<kotlin.collections.List<com.veteranop.trackem.data.RssiSample>> [val]
      TYPE_OP type=androidx.compose.runtime.State<kotlin.collections.List<com.veteranop.trackem.data.RssiSample>> origin=IMPLICIT_CAST typeOperand=androidx.compose.runtime.State<kotlin.collections.List<com.veteranop.trackem.data.RssiSample>>
        CALL 'public final fun collectAsState$default <T> (context: kotlin.coroutines.CoroutineContext?, $mask0: kotlin.Int, $handler: kotlin.Any?): androidx.compose.runtime.State<T of androidx.compose.runtime.SnapshotStateKt.collectAsState$default> declared in androidx.compose.runtime.SnapshotStateKt' type=androidx.compose.runtime.State<T of androidx.compose.runtime.SnapshotStateKt.collectAsState$default> origin=DEFAULT_DISPATCH_CALL
          <T>: kotlin.collections.List<com.veteranop.trackem.data.RssiSample>
          $receiver: CALL 'public final fun <get-samples> (): kotlinx.coroutines.flow.StateFlow<kotlin.collections.List<com.veteranop.trackem.data.RssiSample>> declared in com.veteranop.trackem.ui.hunting.HuntingViewModel' type=kotlinx.coroutines.flow.StateFlow<kotlin.collections.List<com.veteranop.trackem.data.RssiSample>> origin=GET_PROPERTY
            $this: GET_VAR 'viewModel: com.veteranop.trackem.ui.hunting.HuntingViewModel declared in com.veteranop.trackem.ui.hunting.HuntingModeKt.HuntingModeScreen' type=com.veteranop.trackem.ui.hunting.HuntingViewModel origin=null
          context: COMPOSITE type=kotlin.coroutines.CoroutineContext? origin=DEFAULT_VALUE
            CONST Null type=kotlin.coroutines.CoroutineContext? value=null
          $mask0: CONST Int type=kotlin.Int value=1
          $handler: CONST Null type=kotlin.Any? value=null
    VAR PROPERTY_DELEGATE name:estimatedPos$delegate type:androidx.compose.runtime.State<com.google.android.gms.maps.model.LatLng?> [val]
      TYPE_OP type=androidx.compose.runtime.State<com.google.android.gms.maps.model.LatLng?> origin=IMPLICIT_CAST typeOperand=androidx.compose.runtime.State<com.google.android.gms.maps.model.LatLng?>
        CALL 'public final fun collectAsState$default <T> (context: kotlin.coroutines.CoroutineContext?, $mask0: kotlin.Int, $handler: kotlin.Any?): androidx.compose.runtime.State<T of androidx.compose.runtime.SnapshotStateKt.collectAsState$default> declared in androidx.compose.runtime.SnapshotStateKt' type=androidx.compose.runtime.State<T of androidx.compose.runtime.SnapshotStateKt.collectAsState$default> origin=DEFAULT_DISPATCH_CALL
          <T>: com.google.android.gms.maps.model.LatLng?
          $receiver: CALL 'public final fun <get-estimatedPosition> (): kotlinx.coroutines.flow.StateFlow<com.google.android.gms.maps.model.LatLng?> declared in com.veteranop.trackem.ui.hunting.HuntingViewModel' type=kotlinx.coroutines.flow.StateFlow<com.google.android.gms.maps.model.LatLng?> origin=GET_PROPERTY
            $this: GET_VAR 'viewModel: com.veteranop.trackem.ui.hunting.HuntingViewModel declared in com.veteranop.trackem.ui.hunting.HuntingModeKt.HuntingModeScreen' type=com.veteranop.trackem.ui.hunting.HuntingViewModel origin=null
          context: COMPOSITE type=kotlin.coroutines.CoroutineContext? origin=DEFAULT_VALUE
            CONST Null type=kotlin.coroutines.CoroutineContext? value=null
          $mask0: CONST Int type=kotlin.Int value=1
          $handler: CONST Null type=kotlin.Any? value=null
    VAR PROPERTY_DELEGATE name:radius$delegate type:androidx.compose.runtime.State<kotlin.Double?> [val]
      TYPE_OP type=androidx.compose.runtime.State<kotlin.Double?> origin=IMPLICIT_CAST typeOperand=androidx.compose.runtime.State<kotlin.Double?>
        CALL 'public final fun collectAsState$default <T> (context: kotlin.coroutines.CoroutineContext?, $mask0: kotlin.Int, $handler: kotlin.Any?): androidx.compose.runtime.State<T of androidx.compose.runtime.SnapshotStateKt.collectAsState$default> declared in androidx.compose.runtime.SnapshotStateKt' type=androidx.compose.runtime.State<T of androidx.compose.runtime.SnapshotStateKt.collectAsState$default> origin=DEFAULT_DISPATCH_CALL
          <T>: kotlin.Double?
          $receiver: CALL 'public final fun <get-confidenceRadius> (): kotlinx.coroutines.flow.StateFlow<kotlin.Double?> declared in com.veteranop.trackem.ui.hunting.HuntingViewModel' type=kotlinx.coroutines.flow.StateFlow<kotlin.Double?> origin=GET_PROPERTY
            $this: GET_VAR 'viewModel: com.veteranop.trackem.ui.hunting.HuntingViewModel declared in com.veteranop.trackem.ui.hunting.HuntingModeKt.HuntingModeScreen' type=com.veteranop.trackem.ui.hunting.HuntingViewModel origin=null
          context: COMPOSITE type=kotlin.coroutines.CoroutineContext? origin=DEFAULT_VALUE
            CONST Null type=kotlin.coroutines.CoroutineContext? value=null
          $mask0: CONST Int type=kotlin.Int value=1
          $handler: CONST Null type=kotlin.Any? value=null
    VAR name:cameraPositionState type:com.google.maps.android.compose.CameraPositionState [val]
      CALL 'public final fun remember <T> (calculation: @[DisallowComposableCalls] kotlin.Function0<T of androidx.compose.runtime.ComposablesKt.remember>): T of androidx.compose.runtime.ComposablesKt.remember [inline] declared in androidx.compose.runtime.ComposablesKt' type=com.google.maps.android.compose.CameraPositionState origin=null
        <T>: com.google.maps.android.compose.CameraPositionState
        calculation: BLOCK type=kotlin.Function0<com.google.maps.android.compose.CameraPositionState> origin=LAMBDA
          COMPOSITE type=kotlin.Unit origin=null
          FUNCTION_REFERENCE 'private final fun HuntingModeScreen$lambda$3 (): com.google.maps.android.compose.CameraPositionState declared in com.veteranop.trackem.ui.hunting.HuntingModeKt' type=kotlin.Function0<com.google.maps.android.compose.CameraPositionState> origin=INLINE_LAMBDA reflectionTarget=null
    CALL 'public final fun Box$default (modifier: androidx.compose.ui.Modifier?, contentAlignment: androidx.compose.ui.Alignment?, propagateMinConstraints: kotlin.Boolean, content: @[Composable] @[ExtensionFunctionType] kotlin.Function1<androidx.compose.foundation.layout.BoxScope, kotlin.Unit>, $mask0: kotlin.Int, $handler: kotlin.Any?): kotlin.Unit [inline] declared in androidx.compose.foundation.layout.BoxKt' type=kotlin.Unit origin=DEFAULT_DISPATCH_CALL
      modifier: CALL 'public final fun fillMaxSize$default (fraction: kotlin.Float, $mask0: kotlin.Int, $handler: kotlin.Any?): androidx.compose.ui.Modifier declared in androidx.compose.foundation.layout.SizeKt' type=androidx.compose.ui.Modifier origin=DEFAULT_DISPATCH_CALL
        $receiver: GET_FIELD 'FIELD FIELD_FOR_OBJECT_INSTANCE name:Companion type:androidx.compose.ui.Modifier.Companion visibility:public [final,static] declared in androidx.compose.ui.Modifier' type=androidx.compose.ui.Modifier.Companion origin=null
        fraction: COMPOSITE type=kotlin.Float origin=DEFAULT_VALUE
          CONST Float type=kotlin.Float value=0.0
        $mask0: CONST Int type=kotlin.Int value=1
        $handler: CONST Null type=kotlin.Any? value=null
      contentAlignment: COMPOSITE type=androidx.compose.ui.Alignment? origin=DEFAULT_VALUE
        CONST Null type=androidx.compose.ui.Alignment? value=null
      propagateMinConstraints: COMPOSITE type=kotlin.Boolean origin=DEFAULT_VALUE
        CONST Boolean type=kotlin.Boolean value=false
      content: BLOCK type=@[ExtensionFunctionType] kotlin.Function1<androidx.compose.foundation.layout.BoxScope, kotlin.Unit> origin=LAMBDA
        COMPOSITE type=kotlin.Unit origin=null
        FUNCTION_REFERENCE 'private final fun HuntingModeScreen$lambda$12 ($cameraPositionState: com.google.maps.android.compose.CameraPositionState, $onBack: kotlin.Function0<kotlin.Unit>, $samples$delegate: androidx.compose.runtime.State<kotlin.collections.List<com.veteranop.trackem.data.RssiSample>>, $estimatedPos$delegate: androidx.compose.runtime.State<com.google.android.gms.maps.model.LatLng?>, $radius$delegate: androidx.compose.runtime.State<kotlin.Double?>, $targetMac: kotlin.String): kotlin.Unit declared in com.veteranop.trackem.ui.hunting.HuntingModeKt' type=@[ExtensionFunctionType] kotlin.Function1<androidx.compose.foundation.layout.BoxScope, kotlin.Unit> origin=INLINE_LAMBDA reflectionTarget=null
          $cameraPositionState: GET_VAR 'val cameraPositionState: com.google.maps.android.compose.CameraPositionState [val] declared in com.veteranop.trackem.ui.hunting.HuntingModeKt.HuntingModeScreen' type=com.google.maps.android.compose.CameraPositionState origin=null
          $onBack: GET_VAR 'onBack: kotlin.Function0<kotlin.Unit> declared in com.veteranop.trackem.ui.hunting.HuntingModeKt.HuntingModeScreen' type=kotlin.Function0<kotlin.Unit> origin=null
          $samples$delegate: GET_VAR 'val samples$delegate: androidx.compose.runtime.State<kotlin.collections.List<com.veteranop.trackem.data.RssiSample>> [val] declared in com.veteranop.trackem.ui.hunting.HuntingModeKt.HuntingModeScreen' type=androidx.compose.runtime.State<kotlin.collections.List<com.veteranop.trackem.data.RssiSample>> origin=null
          $estimatedPos$delegate: GET_VAR 'val estimatedPos$delegate: androidx.compose.runtime.State<com.google.android.gms.maps.model.LatLng?> [val] declared in com.veteranop.trackem.ui.hunting.HuntingModeKt.HuntingModeScreen' type=androidx.compose.runtime.State<com.google.android.gms.maps.model.LatLng?> origin=null
          $radius$delegate: GET_VAR 'val radius$delegate: androidx.compose.runtime.State<kotlin.Double?> [val] declared in com.veteranop.trackem.ui.hunting.HuntingModeKt.HuntingModeScreen' type=androidx.compose.runtime.State<kotlin.Double?> origin=null
          $targetMac: GET_VAR 'targetMac: kotlin.String declared in com.veteranop.trackem.ui.hunting.HuntingModeKt.HuntingModeScreen' type=kotlin.String origin=null
      $mask0: CONST Int type=kotlin.Int value=6
      $handler: CONST Null type=kotlin.Any? value=null
    CALL 'public final fun LaunchedEffect (key1: kotlin.Any?, block: @[ExtensionFunctionType] kotlin.coroutines.SuspendFunction1<kotlinx.coroutines.CoroutineScope, kotlin.Unit>): kotlin.Unit declared in androidx.compose.runtime.EffectsKt' type=kotlin.Unit origin=null
      key1: GET_FIELD 'FIELD FIELD_FOR_OBJECT_INSTANCE name:INSTANCE type:kotlin.Unit visibility:public [final,static] declared in kotlin.Unit' type=kotlin.Unit origin=null
      block: BLOCK type=com.veteranop.trackem.ui.hunting.HuntingModeKt.HuntingModeScreen.<no name provided> origin=null
        CLASS SUSPEND_LAMBDA CLASS name:<no name provided> modality:FINAL visibility:public/*package*/ superTypes:[kotlin.coroutines.jvm.internal.SuspendLambda; kotlin.jvm.functions.Function2<kotlinx.coroutines.CoroutineScope, kotlin.coroutines.Continuation<kotlin.Unit>?, kotlin.Any?>]
          $this: VALUE_PARAMETER INSTANCE_RECEIVER name:<this> type:com.veteranop.trackem.ui.hunting.HuntingModeKt.HuntingModeScreen.<no name provided>
          FIELD name:label type:kotlin.Int visibility:public/*package*/
          CONSTRUCTOR SUSPEND_LAMBDA visibility:public/*package*/ <> ($targetMac:kotlin.String, $viewModel:com.veteranop.trackem.ui.hunting.HuntingViewModel, $completion:kotlin.coroutines.Continuation<com.veteranop.trackem.ui.hunting.HuntingModeKt.HuntingModeScreen.<no name provided>>?) returnType:com.veteranop.trackem.ui.hunting.HuntingModeKt.HuntingModeScreen.<no name provided> [primary]
            VALUE_PARAMETER BOUND_VALUE_PARAMETER name:$targetMac index:0 type:kotlin.String
            VALUE_PARAMETER BOUND_VALUE_PARAMETER name:$viewModel index:1 type:com.veteranop.trackem.ui.hunting.HuntingViewModel
            VALUE_PARAMETER name:$completion index:2 type:kotlin.coroutines.Continuation<com.veteranop.trackem.ui.hunting.HuntingModeKt.HuntingModeScreen.<no name provided>>?
            BLOCK_BODY
              SET_FIELD 'FIELD FIELD_FOR_CAPTURED_VALUE name:$targetMac type:kotlin.String visibility:public/*package*/ [final] declared in com.veteranop.trackem.ui.hunting.HuntingModeKt.HuntingModeScreen.<no name provided>' type=kotlin.Unit origin=INITIALIZER_OF_FIELD_FOR_CAPTURED_VALUE
                receiver: GET_VAR '<this>: com.veteranop.trackem.ui.hunting.HuntingModeKt.HuntingModeScreen.<no name provided> declared in com.veteranop.trackem.ui.hunting.HuntingModeKt.HuntingModeScreen.<no name provided>' type=com.veteranop.trackem.ui.hunting.HuntingModeKt.HuntingModeScreen.<no name provided> origin=null
                value: GET_VAR '$targetMac: kotlin.String declared in com.veteranop.trackem.ui.hunting.HuntingModeKt.HuntingModeScreen.<no name provided>.<init>' type=kotlin.String origin=null
              SET_FIELD 'FIELD FIELD_FOR_CAPTURED_VALUE name:$viewModel type:com.veteranop.trackem.ui.hunting.HuntingViewModel visibility:public/*package*/ [final] declared in com.veteranop.trackem.ui.hunting.HuntingModeKt.HuntingModeScreen.<no name provided>' type=kotlin.Unit origin=INITIALIZER_OF_FIELD_FOR_CAPTURED_VALUE
                receiver: GET_VAR '<this>: com.veteranop.trackem.ui.hunting.HuntingModeKt.HuntingModeScreen.<no name provided> declared in com.veteranop.trackem.ui.hunting.HuntingModeKt.HuntingModeScreen.<no name provided>' type=com.veteranop.trackem.ui.hunting.HuntingModeKt.HuntingModeScreen.<no name provided> origin=null
                value: GET_VAR '$viewModel: com.veteranop.trackem.ui.hunting.HuntingViewModel declared in com.veteranop.trackem.ui.hunting.HuntingModeKt.HuntingModeScreen.<no name provided>.<init>' type=com.veteranop.trackem.ui.hunting.HuntingViewModel origin=null
              DELEGATING_CONSTRUCTOR_CALL 'public constructor <init> (arity: kotlin.Int, $completion: kotlin.coroutines.Continuation<kotlin.Any?>?) declared in kotlin.coroutines.jvm.internal.SuspendLambda'
                arity: CONST Int type=kotlin.Int value=2
                $completion: GET_VAR '$completion: kotlin.coroutines.Continuation<com.veteranop.trackem.ui.hunting.HuntingModeKt.HuntingModeScreen.<no name provided>>? declared in com.veteranop.trackem.ui.hunting.HuntingModeKt.HuntingModeScreen.<no name provided>.<init>' type=kotlin.coroutines.Continuation<com.veteranop.trackem.ui.hunting.HuntingModeKt.HuntingModeScreen.<no name provided>>? origin=null
              BLOCK type=kotlin.Unit origin=null
          FUN name:invokeSuspend visibility:public modality:FINAL <> ($this:com.veteranop.trackem.ui.hunting.HuntingModeKt.HuntingModeScreen.<no name provided>, $result:kotlin.Result<kotlin.Any?>) returnType:kotlin.Any?
            overridden:
              protected abstract fun invokeSuspend ($result: kotlin.Result<kotlin.Any?>): kotlin.Any? declared in kotlin.coroutines.jvm.internal.SuspendLambda
            $this: VALUE_PARAMETER INSTANCE_RECEIVER name:<this> type:com.veteranop.trackem.ui.hunting.HuntingModeKt.HuntingModeScreen.<no name provided>
            VALUE_PARAMETER name:$result index:0 type:kotlin.Result<kotlin.Any?>
            BLOCK_BODY
              CALL 'public final fun startHunting (mac: kotlin.String, vm: com.veteranop.trackem.ui.hunting.HuntingViewModel): kotlin.Unit declared in com.veteranop.trackem.ui.hunting.HuntingViewModel.Companion' type=kotlin.Unit origin=null
                $this: GET_FIELD 'FIELD FIELD_FOR_OBJECT_INSTANCE name:Companion type:com.veteranop.trackem.ui.hunting.HuntingViewModel.Companion visibility:public [final,static] declared in com.veteranop.trackem.ui.hunting.HuntingViewModel' type=com.veteranop.trackem.ui.hunting.HuntingViewModel.Companion origin=null
                mac: GET_FIELD 'FIELD FIELD_FOR_CAPTURED_VALUE name:$targetMac type:kotlin.String visibility:public/*package*/ [final] declared in com.veteranop.trackem.ui.hunting.HuntingModeKt.HuntingModeScreen.<no name provided>' type=kotlin.String origin=null
                  receiver: GET_VAR '<this>: com.veteranop.trackem.ui.hunting.HuntingModeKt.HuntingModeScreen.<no name provided> declared in com.veteranop.trackem.ui.hunting.HuntingModeKt.HuntingModeScreen.<no name provided>.invokeSuspend' type=com.veteranop.trackem.ui.hunting.HuntingModeKt.HuntingModeScreen.<no name provided> origin=null
                vm: GET_FIELD 'FIELD FIELD_FOR_CAPTURED_VALUE name:$viewModel type:com.veteranop.trackem.ui.hunting.HuntingViewModel visibility:public/*package*/ [final] declared in com.veteranop.trackem.ui.hunting.HuntingModeKt.HuntingModeScreen.<no name provided>' type=com.veteranop.trackem.ui.hunting.HuntingViewModel origin=null
                  receiver: GET_VAR '<this>: com.veteranop.trackem.ui.hunting.HuntingModeKt.HuntingModeScreen.<no name provided> declared in com.veteranop.trackem.ui.hunting.HuntingModeKt.HuntingModeScreen.<no name provided>.invokeSuspend' type=com.veteranop.trackem.ui.hunting.HuntingModeKt.HuntingModeScreen.<no name provided> origin=null
          FUN name:create visibility:public modality:FINAL <> ($this:com.veteranop.trackem.ui.hunting.HuntingModeKt.HuntingModeScreen.<no name provided>, value:kotlin.Any?, $completion:kotlin.coroutines.Continuation<kotlin.Nothing>) returnType:kotlin.coroutines.Continuation<kotlin.Unit>
            overridden:
              public open fun create (value: kotlin.Any?, $completion: kotlin.coroutines.Continuation<kotlin.Nothing>): kotlin.coroutines.Continuation<kotlin.Unit> declared in kotlin.coroutines.jvm.internal.SuspendLambda
            $this: VALUE_PARAMETER INSTANCE_RECEIVER name:<this> type:com.veteranop.trackem.ui.hunting.HuntingModeKt.HuntingModeScreen.<no name provided>
            VALUE_PARAMETER name:value index:0 type:kotlin.Any?
            VALUE_PARAMETER name:$completion index:1 type:kotlin.coroutines.Continuation<kotlin.Nothing>
            BLOCK_BODY
              RETURN type=kotlin.Nothing from='public final fun create (value: kotlin.Any?, $completion: kotlin.coroutines.Continuation<kotlin.Nothing>): kotlin.coroutines.Continuation<kotlin.Unit> declared in com.veteranop.trackem.ui.hunting.HuntingModeKt.HuntingModeScreen.<no name provided>'
                CONSTRUCTOR_CALL 'public/*package*/ constructor <init> ($targetMac: kotlin.String, $viewModel: com.veteranop.trackem.ui.hunting.HuntingViewModel, $completion: kotlin.coroutines.Continuation<com.veteranop.trackem.ui.hunting.HuntingModeKt.HuntingModeScreen.<no name provided>>?) [primary] declared in com.veteranop.trackem.ui.hunting.HuntingModeKt.HuntingModeScreen.<no name provided>' type=com.veteranop.trackem.ui.hunting.HuntingModeKt.HuntingModeScreen.<no name provided> origin=null
                  $targetMac: GET_FIELD 'FIELD FIELD_FOR_CAPTURED_VALUE name:$targetMac type:kotlin.String visibility:public/*package*/ [final] declared in com.veteranop.trackem.ui.hunting.HuntingModeKt.HuntingModeScreen.<no name provided>' type=kotlin.String origin=null
                    receiver: GET_VAR '<this>: com.veteranop.trackem.ui.hunting.HuntingModeKt.HuntingModeScreen.<no name provided> declared in com.veteranop.trackem.ui.hunting.HuntingModeKt.HuntingModeScreen.<no name provided>.create' type=com.veteranop.trackem.ui.hunting.HuntingModeKt.HuntingModeScreen.<no name provided> origin=null
                  $viewModel: GET_FIELD 'FIELD FIELD_FOR_CAPTURED_VALUE name:$viewModel type:com.veteranop.trackem.ui.hunting.HuntingViewModel visibility:public/*package*/ [final] declared in com.veteranop.trackem.ui.hunting.HuntingModeKt.HuntingModeScreen.<no name provided>' type=com.veteranop.trackem.ui.hunting.HuntingViewModel origin=null
                    receiver: GET_VAR '<this>: com.veteranop.trackem.ui.hunting.HuntingModeKt.HuntingModeScreen.<no name provided> declared in com.veteranop.trackem.ui.hunting.HuntingModeKt.HuntingModeScreen.<no name provided>.create' type=com.veteranop.trackem.ui.hunting.HuntingModeKt.HuntingModeScreen.<no name provided> origin=null
                  $completion: GET_VAR '$completion: kotlin.coroutines.Continuation<kotlin.Nothing> declared in com.veteranop.trackem.ui.hunting.HuntingModeKt.HuntingModeScreen.<no name provided>.create' type=kotlin.coroutines.Continuation<kotlin.Nothing> origin=null
          FUN name:invoke visibility:public modality:FINAL <> ($this:com.veteranop.trackem.ui.hunting.HuntingModeKt.HuntingModeScreen.<no name provided>, p1:kotlinx.coroutines.CoroutineScope, p2:kotlin.coroutines.Continuation<kotlin.Unit>?) returnType:kotlin.Any?
            overridden:
              public abstract fun invoke (p1: P1 of kotlin.jvm.functions.Function2, p2: P2 of kotlin.jvm.functions.Function2): R of kotlin.jvm.functions.Function2 declared in kotlin.jvm.functions.Function2
            $this: VALUE_PARAMETER INSTANCE_RECEIVER name:<this> type:com.veteranop.trackem.ui.hunting.HuntingModeKt.HuntingModeScreen.<no name provided>
            VALUE_PARAMETER name:p1 index:0 type:kotlinx.coroutines.CoroutineScope
            VALUE_PARAMETER name:p2 index:1 type:kotlin.coroutines.Continuation<kotlin.Unit>?
            BLOCK_BODY
              RETURN type=kotlin.Nothing from='public final fun invoke (p1: kotlinx.coroutines.CoroutineScope, p2: kotlin.coroutines.Continuation<kotlin.Unit>?): kotlin.Any? declared in com.veteranop.trackem.ui.hunting.HuntingModeKt.HuntingModeScreen.<no name provided>'
                CALL 'public final fun invokeSuspend ($result: kotlin.Result<kotlin.Any?>): kotlin.Any? declared in com.veteranop.trackem.ui.hunting.HuntingModeKt.HuntingModeScreen.<no name provided>' type=kotlin.Any? origin=null
                  $this: TYPE_OP type=com.veteranop.trackem.ui.hunting.HuntingModeKt.HuntingModeScreen.<no name provided> origin=IMPLICIT_CAST typeOperand=com.veteranop.trackem.ui.hunting.HuntingModeKt.HuntingModeScreen.<no name provided>
                    CALL 'public final fun create (value: kotlin.Any?, $completion: kotlin.coroutines.Continuation<kotlin.Nothing>): kotlin.coroutines.Continuation<kotlin.Unit> declared in com.veteranop.trackem.ui.hunting.HuntingModeKt.HuntingModeScreen.<no name provided>' type=kotlin.coroutines.Continuation<kotlin.Unit> origin=null
                      $this: GET_VAR '<this>: com.veteranop.trackem.ui.hunting.HuntingModeKt.HuntingModeScreen.<no name provided> declared in com.veteranop.trackem.ui.hunting.HuntingModeKt.HuntingModeScreen.<no name provided>.invoke' type=com.veteranop.trackem.ui.hunting.HuntingModeKt.HuntingModeScreen.<no name provided> origin=null
                      value: GET_VAR 'p1: kotlinx.coroutines.CoroutineScope declared in com.veteranop.trackem.ui.hunting.HuntingModeKt.HuntingModeScreen.<no name provided>.invoke' type=kotlinx.coroutines.CoroutineScope origin=null
                      $completion: GET_VAR 'p2: kotlin.coroutines.Continuation<kotlin.Unit>? declared in com.veteranop.trackem.ui.hunting.HuntingModeKt.HuntingModeScreen.<no name provided>.invoke' type=kotlin.coroutines.Continuation<kotlin.Unit>? origin=null
                  $result: CALL 'public final fun <unsafe-coerce> <T, R> (v: T of kotlin.jvm.internal.<unsafe-coerce>): R of kotlin.jvm.internal.<unsafe-coerce> declared in kotlin.jvm.internal' type=kotlin.Result<kotlin.Any?> origin=null
                    <T>: kotlin.Any?
                    <R>: kotlin.Result<kotlin.Any?>
                    v: GET_FIELD 'FIELD FIELD_FOR_OBJECT_INSTANCE name:INSTANCE type:kotlin.Unit visibility:public [final,static] declared in kotlin.Unit' type=kotlin.Unit origin=null
          FIELD FIELD_FOR_CAPTURED_VALUE name:$targetMac type:kotlin.String visibility:public/*package*/ [final]
          FIELD FIELD_FOR_CAPTURED_VALUE name:$viewModel type:com.veteranop.trackem.ui.hunting.HuntingViewModel visibility:public/*package*/ [final]
          FUN BRIDGE name:invoke visibility:public modality:OPEN <> ($this:com.veteranop.trackem.ui.hunting.HuntingModeKt.HuntingModeScreen.<no name provided>, p1:kotlin.Any?, p2:kotlin.Any?) returnType:kotlin.Any?
            $this: VALUE_PARAMETER INSTANCE_RECEIVER name:<this> type:com.veteranop.trackem.ui.hunting.HuntingModeKt.HuntingModeScreen.<no name provided>
            VALUE_PARAMETER BRIDGE name:p1 index:0 type:kotlin.Any?
            VALUE_PARAMETER BRIDGE name:p2 index:1 type:kotlin.Any?
            EXPRESSION_BODY
              RETURN type=kotlin.Nothing from='public open fun invoke (p1: kotlin.Any?, p2: kotlin.Any?): kotlin.Any? declared in com.veteranop.trackem.ui.hunting.HuntingModeKt.HuntingModeScreen.<no name provided>'
                CALL 'public final fun invoke (p1: kotlinx.coroutines.CoroutineScope, p2: kotlin.coroutines.Continuation<kotlin.Unit>?): kotlin.Any? declared in com.veteranop.trackem.ui.hunting.HuntingModeKt.HuntingModeScreen.<no name provided>' type=kotlin.Any? origin=BRIDGE_DELEGATION
                  $this: GET_VAR '<this>: com.veteranop.trackem.ui.hunting.HuntingModeKt.HuntingModeScreen.<no name provided> declared in com.veteranop.trackem.ui.hunting.HuntingModeKt.HuntingModeScreen.<no name provided>.invoke' type=com.veteranop.trackem.ui.hunting.HuntingModeKt.HuntingModeScreen.<no name provided> origin=null
                  p1: TYPE_OP type=kotlinx.coroutines.CoroutineScope origin=IMPLICIT_CAST typeOperand=kotlinx.coroutines.CoroutineScope
                    GET_VAR 'p1: kotlin.Any? declared in com.veteranop.trackem.ui.hunting.HuntingModeKt.HuntingModeScreen.<no name provided>.invoke' type=kotlin.Any? origin=null
                  p2: TYPE_OP type=kotlin.coroutines.Continuation<*> origin=IMPLICIT_CAST typeOperand=kotlin.coroutines.Continuation<*>
                    GET_VAR 'p2: kotlin.Any? declared in com.veteranop.trackem.ui.hunting.HuntingModeKt.HuntingModeScreen.<no name provided>.invoke' type=kotlin.Any? origin=null
        CONSTRUCTOR_CALL 'public/*package*/ constructor <init> ($targetMac: kotlin.String, $viewModel: com.veteranop.trackem.ui.hunting.HuntingViewModel, $completion: kotlin.coroutines.Continuation<com.veteranop.trackem.ui.hunting.HuntingModeKt.HuntingModeScreen.<no name provided>>?) [primary] declared in com.veteranop.trackem.ui.hunting.HuntingModeKt.HuntingModeScreen.<no name provided>' type=com.veteranop.trackem.ui.hunting.HuntingModeKt.HuntingModeScreen.<no name provided> origin=null
          $targetMac: GET_VAR 'targetMac: kotlin.String declared in com.veteranop.trackem.ui.hunting.HuntingModeKt.HuntingModeScreen' type=kotlin.String origin=null
          $viewModel: GET_VAR 'viewModel: com.veteranop.trackem.ui.hunting.HuntingViewModel declared in com.veteranop.trackem.ui.hunting.HuntingModeKt.HuntingModeScreen' type=com.veteranop.trackem.ui.hunting.HuntingViewModel origin=null
          $completion: CONST Null type=kotlin.Nothing? value=null
    CALL 'public final fun DisposableEffect (key1: kotlin.Any?, effect: @[ExtensionFunctionType] kotlin.Function1<androidx.compose.runtime.DisposableEffectScope, androidx.compose.runtime.DisposableEffectResult>): kotlin.Unit declared in androidx.compose.runtime.EffectsKt' type=kotlin.Unit origin=null
      key1: GET_FIELD 'FIELD FIELD_FOR_OBJECT_INSTANCE name:INSTANCE type:kotlin.Unit visibility:public [final,static] declared in kotlin.Unit' type=kotlin.Unit origin=null
      effect: BLOCK type=@[ExtensionFunctionType] kotlin.Function1<androidx.compose.runtime.DisposableEffectScope, androidx.compose.runtime.DisposableEffectResult> origin=LAMBDA
        COMPOSITE type=kotlin.Unit origin=null
        CALL 'public final fun <jvm-indy> <T> (dynamicCall: T of kotlin.jvm.internal.<jvm-indy>, bootstrapMethodHandle: kotlin.Any, vararg bootstrapMethodArguments: kotlin.Any): T of kotlin.jvm.internal.<jvm-indy> declared in kotlin.jvm.internal' type=@[ExtensionFunctionType] kotlin.Function1<androidx.compose.runtime.DisposableEffectScope, androidx.compose.runtime.DisposableEffectResult> origin=null
          <T>: @[ExtensionFunctionType] kotlin.Function1<androidx.compose.runtime.DisposableEffectScope, androidx.compose.runtime.DisposableEffectResult>
          dynamicCall: CALL 'public final fun invoke (): @[ExtensionFunctionType] kotlin.Function1<androidx.compose.runtime.DisposableEffectScope, androidx.compose.runtime.DisposableEffectResult> declared in kotlin.jvm.internal.invokeDynamic' type=@[ExtensionFunctionType] kotlin.Function1<androidx.compose.runtime.DisposableEffectScope, androidx.compose.runtime.DisposableEffectResult> origin=null
          bootstrapMethodHandle: CALL 'public final fun <jvm-method-handle> (tag: kotlin.Int, owner: kotlin.String, name: kotlin.String, descriptor: kotlin.String, isInterface: kotlin.Boolean): kotlin.Any declared in kotlin.jvm.internal' type=kotlin.Any origin=null
            tag: CONST Int type=kotlin.Int value=6
            owner: CONST String type=kotlin.String value="java/lang/invoke/LambdaMetafactory"
            name: CONST String type=kotlin.String value="metafactory"
            descriptor: CONST String type=kotlin.String value="(Ljava/lang/invoke/MethodHandles$Lookup;Ljava/lang/String;Ljava/lang/invoke/MethodType;Ljava/lang/invoke/MethodType;Ljava/lang/invoke/MethodHandle;Ljava/lang/invoke/MethodType;)Ljava/lang/invoke/CallSite;"
            isInterface: CONST Boolean type=kotlin.Boolean value=false
          bootstrapMethodArguments: VARARG type=kotlin.Array<kotlin.Any> varargElementType=kotlin.Any
            CALL 'public final fun <jvm-original-method-type> (method: kotlin.Any): kotlin.Any declared in kotlin.jvm.internal' type=kotlin.Any origin=null
              method: RAW_FUNCTION_REFERENCE 'public abstract fun invoke (p1: P1 of kotlin.Function1): R of kotlin.Function1 [operator] declared in kotlin.Function1' type=kotlin.Any
            RAW_FUNCTION_REFERENCE 'private final fun HuntingModeScreen$lambda$14 ($this$DisposableEffect: androidx.compose.runtime.DisposableEffectScope): androidx.compose.runtime.DisposableEffectResult declared in com.veteranop.trackem.ui.hunting.HuntingModeKt' type=kotlin.Any
            CALL 'public final fun <jvm-original-method-type> (method: kotlin.Any): kotlin.Any declared in kotlin.jvm.internal' type=kotlin.Any origin=null
              method: RAW_FUNCTION_REFERENCE 'public abstract fun invoke (p1: androidx.compose.runtime.DisposableEffectScope): androidx.compose.runtime.DisposableEffectResult [fake_override,operator] declared in kotlin.jvm.internal.invokeDynamic.<fake>' type=kotlin.Any

	at org.jetbrains.kotlin.backend.jvm.codegen.FunctionCodegen.generate(FunctionCodegen.kt:47)
	at org.jetbrains.kotlin.backend.jvm.codegen.FunctionCodegen.generate$default(FunctionCodegen.kt:40)
	at org.jetbrains.kotlin.backend.jvm.codegen.ClassCodegen.generateMethodNode(ClassCodegen.kt:406)
	at org.jetbrains.kotlin.backend.jvm.codegen.ClassCodegen.generateMethod(ClassCodegen.kt:423)
	at org.jetbrains.kotlin.backend.jvm.codegen.ClassCodegen.generate(ClassCodegen.kt:168)
	at org.jetbrains.kotlin.backend.jvm.FileCodegen.lower(JvmPhases.kt:39)
	at org.jetbrains.kotlin.backend.common.phaser.PhaseFactoriesKt.createFilePhase$lambda$4(PhaseFactories.kt:71)
	at org.jetbrains.kotlin.backend.common.phaser.PhaseBuildersKt$createSimpleNamedCompilerPhase$1.phaseBody(PhaseBuilders.kt:69)
	at org.jetbrains.kotlin.backend.common.phaser.SimpleNamedCompilerPhase.phaseBody(CompilerPhase.kt:226)
	at org.jetbrains.kotlin.backend.common.phaser.AbstractNamedCompilerPhase.invoke(CompilerPhase.kt:113)
	at org.jetbrains.kotlin.backend.common.phaser.PerformByIrFilePhase.invokeSequential(performByIrFile.kt:62)
	... 43 more
Caused by: org.jetbrains.kotlin.codegen.CompilationException: Back-end (JVM) Internal error: Couldn't inline method call: CALL 'public final fun remember <T> (calculation: @[DisallowComposableCalls] kotlin.Function0<T of androidx.compose.runtime.ComposablesKt.remember>): T of androidx.compose.runtime.ComposablesKt.remember [inline] declared in androidx.compose.runtime.ComposablesKt' type=com.google.maps.android.compose.CameraPositionState origin=null
Method: null
File is unknown
The root cause java.lang.IllegalStateException was thrown at: org.jetbrains.kotlin.codegen.inline.SourceCompilerForInlineKt.getMethodNode(SourceCompilerForInline.kt:118)
	at org.jetbrains.kotlin.codegen.inline.InlineCodegen.performInline(InlineCodegen.kt:65)
	at org.jetbrains.kotlin.backend.jvm.codegen.IrInlineCodegen.genInlineCall(IrInlineCodegen.kt:163)
	at org.jetbrains.kotlin.backend.jvm.codegen.IrInlineCallGenerator.genCall(IrInlineCallGenerator.kt:36)
	at org.jetbrains.kotlin.backend.jvm.codegen.ExpressionCodegen.visitCall(ExpressionCodegen.kt:653)
	at org.jetbrains.kotlin.backend.jvm.codegen.ExpressionCodegen.visitCall(ExpressionCodegen.kt:138)
	at org.jetbrains.kotlin.ir.expressions.IrCall.accept(IrCall.kt:24)
	at org.jetbrains.kotlin.backend.jvm.codegen.ExpressionCodegen.visitVariable(ExpressionCodegen.kt:790)
	at org.jetbrains.kotlin.backend.jvm.codegen.ExpressionCodegen.visitVariable(ExpressionCodegen.kt:138)
	at org.jetbrains.kotlin.ir.declarations.IrVariable.accept(IrVariable.kt:36)
	at org.jetbrains.kotlin.backend.jvm.codegen.ExpressionCodegen.visitStatementContainer(ExpressionCodegen.kt:579)
	at org.jetbrains.kotlin.backend.jvm.codegen.ExpressionCodegen.visitBlockBody(ExpressionCodegen.kt:584)
	at org.jetbrains.kotlin.backend.jvm.codegen.ExpressionCodegen.visitBlockBody(ExpressionCodegen.kt:138)
	at org.jetbrains.kotlin.ir.expressions.IrBlockBody.accept(IrBlockBody.kt:20)
	at org.jetbrains.kotlin.backend.jvm.codegen.ExpressionCodegen.generate(ExpressionCodegen.kt:240)
	at org.jetbrains.kotlin.backend.jvm.codegen.FunctionCodegen.doGenerate(FunctionCodegen.kt:123)
	at org.jetbrains.kotlin.backend.jvm.codegen.FunctionCodegen.generate(FunctionCodegen.kt:44)
	... 53 more
Caused by: java.lang.IllegalStateException: couldn't find inline method Landroidx/compose/runtime/ComposablesKt;.remember(Lkotlin/jvm/functions/Function0;)Ljava/lang/Object;
	at org.jetbrains.kotlin.codegen.inline.SourceCompilerForInlineKt.getMethodNode(SourceCompilerForInline.kt:118)
	at org.jetbrains.kotlin.codegen.inline.SourceCompilerForInlineKt.loadCompiledInlineFunction(SourceCompilerForInline.kt:96)
	at org.jetbrains.kotlin.backend.jvm.codegen.IrSourceCompilerForInline.compileInlineFunction(IrSourceCompilerForInline.kt:91)
	at org.jetbrains.kotlin.codegen.inline.InlineCodegen.compileInline(InlineCodegen.kt:43)
	at org.jetbrains.kotlin.codegen.inline.InlineCodegen.performInline(InlineCodegen.kt:51)
	... 68 more


