kotlin version: 2.0.21
error message: org.jetbrains.kotlin.backend.common.BackendException: Backend Internal error: Exception during IR lowering
File being compiled: /Users/mark/AndroidStudioProjects/TrackEmMobile2/app/src/main/java/com/example/trackemmobile/HuntingMode.kt
The root cause java.lang.RuntimeException was thrown at: org.jetbrains.kotlin.backend.jvm.codegen.FunctionCodegen.generate(FunctionCodegen.kt:47)
	at org.jetbrains.kotlin.backend.common.CodegenUtil.reportBackendException(CodegenUtil.kt:253)
	at org.jetbrains.kotlin.backend.common.CodegenUtil.reportBackendException$default(CodegenUtil.kt:236)
	at org.jetbrains.kotlin.backend.common.phaser.PerformByIrFilePhase.invokeSequential(performByIrFile.kt:65)
	at org.jetbrains.kotlin.backend.common.phaser.PerformByIrFilePhase.invoke(performByIrFile.kt:52)
	at org.jetbrains.kotlin.backend.common.phaser.PerformByIrFilePhase.invoke(performByIrFile.kt:38)
	at org.jetbrains.kotlin.backend.common.phaser.NamedCompilerPhase.phaseBody(CompilerPhase.kt:166)
	at org.jetbrains.kotlin.backend.common.phaser.AbstractNamedCompilerPhase.invoke(CompilerPhase.kt:113)
	at org.jetbrains.kotlin.backend.common.phaser.CompositePhase.invoke(PhaseBuilders.kt:27)
	at org.jetbrains.kotlin.backend.common.phaser.CompositePhase.invoke(PhaseBuilders.kt:14)
	at org.jetbrains.kotlin.backend.common.phaser.NamedCompilerPhase.phaseBody(CompilerPhase.kt:166)
	at org.jetbrains.kotlin.backend.common.phaser.AbstractNamedCompilerPhase.invoke(CompilerPhase.kt:113)
	at org.jetbrains.kotlin.backend.common.phaser.CompilerPhaseKt.invokeToplevel(CompilerPhase.kt:62)
	at org.jetbrains.kotlin.backend.jvm.JvmIrCodegenFactory.invokeCodegen(JvmIrCodegenFactory.kt:371)
	at org.jetbrains.kotlin.codegen.CodegenFactory.generateModule(CodegenFactory.kt:47)
	at org.jetbrains.kotlin.backend.jvm.JvmIrCodegenFactory.generateModuleInFrontendIRMode(JvmIrCodegenFactory.kt:433)
	at org.jetbrains.kotlin.cli.jvm.compiler.pipeline.JvmCompilerPipelineKt.generateCodeFromIr(jvmCompilerPipeline.kt:246)
	at org.jetbrains.kotlin.cli.jvm.compiler.pipeline.JvmCompilerPipelineKt.compileModulesUsingFrontendIrAndLightTree(jvmCompilerPipeline.kt:142)
	at org.jetbrains.kotlin.cli.jvm.K2JVMCompiler.doExecute(K2JVMCompiler.kt:148)
	at org.jetbrains.kotlin.cli.jvm.K2JVMCompiler.doExecute(K2JVMCompiler.kt:43)
	at org.jetbrains.kotlin.cli.common.CLICompiler.execImpl(CLICompiler.kt:103)
	at org.jetbrains.kotlin.cli.common.CLICompiler.execImpl(CLICompiler.kt:49)
	at org.jetbrains.kotlin.cli.common.CLITool.exec(CLITool.kt:101)
	at org.jetbrains.kotlin.incremental.IncrementalJvmCompilerRunner.runCompiler(IncrementalJvmCompilerRunner.kt:464)
	at org.jetbrains.kotlin.incremental.IncrementalJvmCompilerRunner.runCompiler(IncrementalJvmCompilerRunner.kt:73)
	at org.jetbrains.kotlin.incremental.IncrementalCompilerRunner.doCompile(IncrementalCompilerRunner.kt:506)
	at org.jetbrains.kotlin.incremental.IncrementalCompilerRunner.compileImpl(IncrementalCompilerRunner.kt:423)
	at org.jetbrains.kotlin.incremental.IncrementalCompilerRunner.compileNonIncrementally(IncrementalCompilerRunner.kt:301)
	at org.jetbrains.kotlin.incremental.IncrementalCompilerRunner.compile(IncrementalCompilerRunner.kt:129)
	at org.jetbrains.kotlin.daemon.CompileServiceImplBase.execIncrementalCompiler(CompileServiceImpl.kt:675)
	at org.jetbrains.kotlin.daemon.CompileServiceImplBase.access$execIncrementalCompiler(CompileServiceImpl.kt:92)
	at org.jetbrains.kotlin.daemon.CompileServiceImpl.compile(CompileServiceImpl.kt:1660)
	at java.base/jdk.internal.reflect.DirectMethodHandleAccessor.invoke(Unknown Source)
	at java.base/java.lang.reflect.Method.invoke(Unknown Source)
	at java.rmi/sun.rmi.server.UnicastServerRef.dispatch(Unknown Source)
	at java.rmi/sun.rmi.transport.Transport$1.run(Unknown Source)
	at java.rmi/sun.rmi.transport.Transport$1.run(Unknown Source)
	at java.base/java.security.AccessController.doPrivileged(Unknown Source)
	at java.rmi/sun.rmi.transport.Transport.serviceCall(Unknown Source)
	at java.rmi/sun.rmi.transport.tcp.TCPTransport.handleMessages(Unknown Source)
	at java.rmi/sun.rmi.transport.tcp.TCPTransport$ConnectionHandler.run0(Unknown Source)
	at java.rmi/sun.rmi.transport.tcp.TCPTransport$ConnectionHandler.lambda$run$0(Unknown Source)
	at java.base/java.security.AccessController.doPrivileged(Unknown Source)
	at java.rmi/sun.rmi.transport.tcp.TCPTransport$ConnectionHandler.run(Unknown Source)
	at java.base/java.util.concurrent.ThreadPoolExecutor.runWorker(Unknown Source)
	at java.base/java.util.concurrent.ThreadPoolExecutor$Worker.run(Unknown Source)
	at java.base/java.lang.Thread.run(Unknown Source)
Caused by: java.lang.RuntimeException: Exception while generating code for:
FUN name:HuntingModeScreen visibility:public modality:FINAL <> (targetMac:kotlin.String, viewModel:com.veteranop.trackem.ui.hunting.HuntingViewModel, onBack:kotlin.Function0<kotlin.Unit>) returnType:kotlin.Unit
  annotations:
    OptIn(markerClass = [CLASS_REFERENCE 'CLASS IR_EXTERNAL_DECLARATION_STUB ANNOTATION_CLASS name:MapsComposeExperimentalApi modality:OPEN visibility:public superTypes:[kotlin.Annotation]' type=kotlin.reflect.KClass<com.google.maps.android.compose.MapsComposeExperimentalApi>])
    Composable
  VALUE_PARAMETER name:targetMac index:0 type:kotlin.String
  VALUE_PARAMETER name:viewModel index:1 type:com.veteranop.trackem.ui.hunting.HuntingViewModel
    EXPRESSION_BODY
      ERROR_EXPR 'Default Stub' type=com.veteranop.trackem.ui.hunting.HuntingViewModel
  VALUE_PARAMETER name:onBack index:2 type:kotlin.Function0<kotlin.Unit>
  BLOCK_BODY
    VAR PROPERTY_DELEGATE name:samples$delegate type:androidx.compose.runtime.State<kotlin.collections.List<com.veteranop.trackem.data.RssiSample>> [val]
      TYPE_OP type=androidx.compose.runtime.State<kotlin.collections.List<com.veteranop.trackem.data.RssiSample>> origin=IMPLICIT_CAST typeOperand=androidx.compose.runtime.State<kotlin.collections.List<com.veteranop.trackem.data.RssiSample>>
        CALL 'public final fun collectAsState$default <T> (context: kotlin.coroutines.CoroutineContext?, $mask0: kotlin.Int, $handler: kotlin.Any?): androidx.compose.runtime.State<T of androidx.compose.runtime.SnapshotStateKt.collectAsState$default> declared in androidx.compose.runtime.SnapshotStateKt' type=androidx.compose.runtime.State<T of androidx.compose.runtime.SnapshotStateKt.collectAsState$default> origin=DEFAULT_DISPATCH_CALL
          <T>: kotlin.collections.List<com.veteranop.trackem.data.RssiSample>
          $receiver: CALL 'public final fun <get-samples> (): kotlinx.coroutines.flow.StateFlow<kotlin.collections.List<com.veteranop.trackem.data.RssiSample>> declared in com.veteranop.trackem.ui.hunting.HuntingViewModel' type=kotlinx.coroutines.flow.StateFlow<kotlin.collections.List<com.veteranop.trackem.data.RssiSample>> origin=GET_PROPERTY
            $this: GET_VAR 'viewModel: com.veteranop.trackem.ui.hunting.HuntingViewModel declared in com.veteranop.trackem.ui.hunting.HuntingModeKt.HuntingModeScreen' type=com.veteranop.trackem.ui.hunting.HuntingViewModel origin=null
          context: COMPOSITE type=kotlin.coroutines.CoroutineContext? origin=DEFAULT_VALUE
            CONST Null type=kotlin.coroutines.CoroutineContext? value=null
          $mask0: CONST Int type=kotlin.Int value=1
          $handler: CONST Null type=kotlin.Any? value=null
    VAR PROPERTY_DELEGATE name:estimatedPos$delegate type:androidx.compose.runtime.State<com.google.android.gms.maps.model.LatLng?> [val]
      TYPE_OP type=androidx.compose.runtime.State<com.google.android.gms.maps.model.LatLng?> origin=IMPLICIT_CAST typeOperand=androidx.compose.runtime.State<com.google.android.gms.maps.model.LatLng?>
        CALL 'public final fun collectAsState$default <T> (context: kotlin.coroutines.CoroutineContext?, $mask0: kotlin.Int, $handler: kotlin.Any?): androidx.compose.runtime.State<T of androidx.compose.runtime.SnapshotStateKt.collectAsState$default> declared in androidx.compose.runtime.SnapshotStateKt' type=androidx.compose.runtime.State<T of androidx.compose.runtime.SnapshotStateKt.collectAsState$default> origin=DEFAULT_DISPATCH_CALL
          <T>: com.google.android.gms.maps.model.LatLng?
          $receiver: CALL 'public final fun <get-estimatedPosition> (): kotlinx.coroutines.flow.StateFlow<com.google.android.gms.maps.model.LatLng?> declared in com.veteranop.trackem.ui.hunting.HuntingViewModel' type=kotlinx.coroutines.flow.StateFlow<com.google.android.gms.maps.model.LatLng?> origin=GET_PROPERTY
            $this: GET_VAR 'viewModel: com.veteranop.trackem.ui.hunting.HuntingViewModel declared in com.veteranop.trackem.ui.hunting.HuntingModeKt.HuntingModeScreen' type=com.veteranop.trackem.ui.hunting.HuntingViewModel origin=null
          context: COMPOSITE type=kotlin.coroutines.CoroutineContext? origin=DEFAULT_VALUE
            CONST Null type=kotlin.coroutines.CoroutineContext? value=null
          $mask0: CONST Int type=kotlin.Int value=1
          $handler: CONST Null type=kotlin.Any? value=null
    VAR PROPERTY_DELEGATE name:radius$delegate type:androidx.compose.runtime.State<kotlin.Double?> [val]
      TYPE_OP type=androidx.compose.runtime.State<kotlin.Double?> origin=IMPLICIT_CAST typeOperand=androidx.compose.runtime.State<kotlin.Double?>
        CALL 'public final fun collectAsState$default <T> (context: kotlin.coroutines.CoroutineContext?, $mask0: kotlin.Int, $handler: kotlin.Any?): androidx.compose.runtime.State<T of androidx.compose.runtime.SnapshotStateKt.collectAsState$default> declared in androidx.compose.runtime.SnapshotStateKt' type=androidx.compose.runtime.State<T of androidx.compose.runtime.SnapshotStateKt.collectAsState$default> origin=DEFAULT_DISPATCH_CALL
          <T>: kotlin.Double?
          $receiver: CALL 'public final fun <get-confidenceRadius> (): kotlinx.coroutines.flow.StateFlow<kotlin.Double?> declared in com.veteranop.trackem.ui.hunting.HuntingViewModel' type=kotlinx.coroutines.flow.StateFlow<kotlin.Double?> origin=GET_PROPERTY
            $this: GET_VAR 'viewModel: com.veteranop.trackem.ui.hunting.HuntingViewModel declared in com.veteranop.trackem.ui.hunting.HuntingModeKt.HuntingModeScreen' type=com.veteranop.trackem.ui.hunting.HuntingViewModel origin=null
          context: COMPOSITE type=kotlin.coroutines.CoroutineContext? origin=DEFAULT_VALUE
            CONST Null type=kotlin.coroutines.CoroutineContext? value=null
          $mask0: CONST Int type=kotlin.Int value=1
          $handler: CONST Null type=kotlin.Any? value=null
    VAR PROPERTY_DELEGATE name:cameraPositionState$delegate type:androidx.compose.runtime.State<com.google.maps.android.compose.CameraPositionState> [val]
      CALL 'private final fun rememberCameraPositionStateInSeparateComposable (): androidx.compose.runtime.State<com.google.maps.android.compose.CameraPositionState> declared in com.veteranop.trackem.ui.hunting.HuntingModeKt' type=androidx.compose.runtime.State<com.google.maps.android.compose.CameraPositionState> origin=null
    CALL 'public final fun Box$default (modifier: androidx.compose.ui.Modifier?, contentAlignment: androidx.compose.ui.Alignment?, propagateMinConstraints: kotlin.Boolean, content: @[Composable] @[ExtensionFunctionType] kotlin.Function1<androidx.compose.foundation.layout.BoxScope, kotlin.Unit>, $mask0: kotlin.Int, $handler: kotlin.Any?): kotlin.Unit [inline] declared in androidx.compose.foundation.layout.BoxKt' type=kotlin.Unit origin=DEFAULT_DISPATCH_CALL
      modifier: CALL 'public final fun fillMaxSize$default (fraction: kotlin.Float, $mask0: kotlin.Int, $handler: kotlin.Any?): androidx.compose.ui.Modifier declared in androidx.compose.foundation.layout.SizeKt' type=androidx.compose.ui.Modifier origin=DEFAULT_DISPATCH_CALL
        $receiver: GET_FIELD 'FIELD FIELD_FOR_OBJECT_INSTANCE name:Companion type:androidx.compose.ui.Modifier.Companion visibility:public [final,static] declared in androidx.compose.ui.Modifier' type=androidx.compose.ui.Modifier.Companion origin=null
        fraction: COMPOSITE type=kotlin.Float origin=DEFAULT_VALUE
          CONST Float type=kotlin.Float value=0.0
        $mask0: CONST Int type=kotlin.Int value=1
        $handler: CONST Null type=kotlin.Any? value=null
      contentAlignment: COMPOSITE type=androidx.compose.ui.Alignment? origin=DEFAULT_VALUE
        CONST Null type=androidx.compose.ui.Alignment? value=null
      propagateMinConstraints: COMPOSITE type=kotlin.Boolean origin=DEFAULT_VALUE
        CONST Boolean type=kotlin.Boolean value=false
      content: BLOCK type=@[ExtensionFunctionType] kotlin.Function1<androidx.compose.foundation.layout.BoxScope, kotlin.Unit> origin=LAMBDA
        COMPOSITE type=kotlin.Unit origin=null
        FUNCTION_REFERENCE 'private final fun HuntingModeScreen$lambda$12 ($onBack: kotlin.Function0<kotlin.Unit>, $cameraPositionState$delegate: androidx.compose.runtime.State<com.google.maps.android.compose.CameraPositionState>, $samples$delegate: androidx.compose.runtime.State<kotlin.collections.List<com.veteranop.trackem.data.RssiSample>>, $estimatedPos$delegate: androidx.compose.runtime.State<com.google.android.gms.maps.model.LatLng?>, $radius$delegate: androidx.compose.runtime.State<kotlin.Double?>, $targetMac: kotlin.String): kotlin.Unit declared in com.veteranop.trackem.ui.hunting.HuntingModeKt' type=@[ExtensionFunctionType] kotlin.Function1<androidx.compose.foundation.layout.BoxScope, kotlin.Unit> origin=INLINE_LAMBDA reflectionTarget=null
          $onBack: GET_VAR 'onBack: kotlin.Function0<kotlin.Unit> declared in com.veteranop.trackem.ui.hunting.HuntingModeKt.HuntingModeScreen' type=kotlin.Function0<kotlin.Unit> origin=null
          $cameraPositionState$delegate: GET_VAR 'val cameraPositionState$delegate: androidx.compose.runtime.State<com.google.maps.android.compose.CameraPositionState> [val] declared in com.veteranop.trackem.ui.hunting.HuntingModeKt.HuntingModeScreen' type=androidx.compose.runtime.State<com.google.maps.android.compose.CameraPositionState> origin=null
          $samples$delegate: GET_VAR 'val samples$delegate: androidx.compose.runtime.State<kotlin.collections.List<com.veteranop.trackem.data.RssiSample>> [val] declared in com.veteranop.trackem.ui.hunting.HuntingModeKt.HuntingModeScreen' type=androidx.compose.runtime.State<kotlin.collections.List<com.veteranop.trackem.data.RssiSample>> origin=null
          $estimatedPos$delegate: GET_VAR 'val estimatedPos$delegate: androidx.compose.runtime.State<com.google.android.gms.maps.model.LatLng?> [val] declared in com.veteranop.trackem.ui.hunting.HuntingModeKt.HuntingModeScreen' type=androidx.compose.runtime.State<com.google.android.gms.maps.model.LatLng?> origin=null
          $radius$delegate: GET_VAR 'val radius$delegate: androidx.compose.runtime.State<kotlin.Double?> [val] declared in com.veteranop.trackem.ui.hunting.HuntingModeKt.HuntingModeScreen' type=androidx.compose.runtime.State<kotlin.Double?> origin=null
          $targetMac: GET_VAR 'targetMac: kotlin.String declared in com.veteranop.trackem.ui.hunting.HuntingModeKt.HuntingModeScreen' type=kotlin.String origin=null
      $mask0: CONST Int type=kotlin.Int value=6
      $handler: CONST Null type=kotlin.Any? value=null
    CALL 'public final fun LaunchedEffect (key1: kotlin.Any?, block: @[ExtensionFunctionType] kotlin.coroutines.SuspendFunction1<kotlinx.coroutines.CoroutineScope, kotlin.Unit>): kotlin.Unit declared in androidx.compose.runtime.EffectsKt' type=kotlin.Unit origin=null
      key1: GET_FIELD 'FIELD FIELD_FOR_OBJECT_INSTANCE name:INSTANCE type:kotlin.Unit visibility:public [final,static] declared in kotlin.Unit' type=kotlin.Unit origin=null
      block: BLOCK type=com.veteranop.trackem.ui.hunting.HuntingModeKt.HuntingModeScreen.<no name provided> origin=null
        CLASS SUSPEND_LAMBDA CLASS name:<no name provided> modality:FINAL visibility:public/*package*/ superTypes:[kotlin.coroutines.jvm.internal.SuspendLambda; kotlin.jvm.functions.Function2<kotlinx.coroutines.CoroutineScope, kotlin.coroutines.Continuation<kotlin.Unit>?, kotlin.Any?>]
          $this: VALUE_PARAMETER INSTANCE_RECEIVER name:<this> type:com.veteranop.trackem.ui.hunting.HuntingModeKt.HuntingModeScreen.<no name provided>
          FIELD name:label type:kotlin.Int visibility:public/*package*/
          CONSTRUCTOR SUSPEND_LAMBDA visibility:public/*package*/ <> ($targetMac:kotlin.String, $viewModel:com.veteranop.trackem.ui.hunting.HuntingViewModel, $completion:kotlin.coroutines.Continuation<com.veteranop.trackem.ui.hunting.HuntingModeKt.HuntingModeScreen.<no name provided>>?) returnType:com.veteranop.trackem.ui.hunting.HuntingModeKt.HuntingModeScreen.<no name provided> [primary]
            VALUE_PARAMETER BOUND_VALUE_PARAMETER name:$targetMac index:0 type:kotlin.String
            VALUE_PARAMETER BOUND_VALUE_PARAMETER name:$viewModel index:1 type:com.veteranop.trackem.ui.hunting.HuntingViewModel
            VALUE_PARAMETER name:$completion index:2 type:kotlin.coroutines.Continuation<com.veteranop.trackem.ui.hunting.HuntingModeKt.HuntingModeScreen.<no name provided>>?
            BLOCK_BODY
              SET_FIELD 'FIELD FIELD_FOR_CAPTURED_VALUE name:$targetMac type:kotlin.String visibility:public/*package*/ [final] declared in com.veteranop.trackem.ui.hunting.HuntingModeKt.HuntingModeScreen.<no name provided>' type=kotlin.Unit origin=INITIALIZER_OF_FIELD_FOR_CAPTURED_VALUE
                receiver: GET_VAR '<this>: com.veteranop.trackem.ui.hunting.HuntingModeKt.HuntingModeScreen.<no name provided> declared in com.veteranop.trackem.ui.hunting.HuntingModeKt.HuntingModeScreen.<no name provided>' type=com.veteranop.trackem.ui.hunting.HuntingModeKt.HuntingModeScreen.<no name provided> origin=null
                value: GET_VAR '$targetMac: kotlin.String declared in com.veteranop.trackem.ui.hunting.HuntingModeKt.HuntingModeScreen.<no name provided>.<init>' type=kotlin.String origin=null
              SET_FIELD 'FIELD FIELD_FOR_CAPTURED_VALUE name:$viewModel type:com.veteranop.trackem.ui.hunting.HuntingViewModel visibility:public/*package*/ [final] declared in com.veteranop.trackem.ui.hunting.HuntingModeKt.HuntingModeScreen.<no name provided>' type=kotlin.Unit origin=INITIALIZER_OF_FIELD_FOR_CAPTURED_VALUE
                receiver: GET_VAR '<this>: com.veteranop.trackem.ui.hunting.HuntingModeKt.HuntingModeScreen.<no name provided> declared in com.veteranop.trackem.ui.hunting.HuntingModeKt.HuntingModeScreen.<no name provided>' type=com.veteranop.trackem.ui.hunting.HuntingModeKt.HuntingModeScreen.<no name provided> origin=null
                value: GET_VAR '$viewModel: com.veteranop.trackem.ui.hunting.HuntingViewModel declared in com.veteranop.trackem.ui.hunting.HuntingModeKt.HuntingModeScreen.<no name provided>.<init>' type=com.veteranop.trackem.ui.hunting.HuntingViewModel origin=null
              DELEGATING_CONSTRUCTOR_CALL 'public constructor <init> (arity: kotlin.Int, $completion: kotlin.coroutines.Continuation<kotlin.Any?>?) declared in kotlin.coroutines.jvm.internal.SuspendLambda'
                arity: CONST Int type=kotlin.Int value=2
                $completion: GET_VAR '$completion: kotlin.coroutines.Continuation<com.veteranop.trackem.ui.hunting.HuntingModeKt.HuntingModeScreen.<no name provided>>? declared in com.veteranop.trackem.ui.hunting.HuntingModeKt.HuntingModeScreen.<no name provided>.<init>' type=kotlin.coroutines.Continuation<com.veteranop.trackem.ui.hunting.HuntingModeKt.HuntingModeScreen.<no name provided>>? origin=null
              BLOCK type=kotlin.Unit origin=null
          FUN name:invokeSuspend visibility:public modality:FINAL <> ($this:com.veteranop.trackem.ui.hunting.HuntingModeKt.HuntingModeScreen.<no name provided>, $result:kotlin.Result<kotlin.Any?>) returnType:kotlin.Any?
            overridden:
              protected abstract fun invokeSuspend ($result: kotlin.Result<kotlin.Any?>): kotlin.Any? declared in kotlin.coroutines.jvm.internal.SuspendLambda
            $this: VALUE_PARAMETER INSTANCE_RECEIVER name:<this> type:com.veteranop.trackem.ui.hunting.HuntingModeKt.HuntingModeScreen.<no name provided>
            VALUE_PARAMETER name:$result index:0 type:kotlin.Result<kotlin.Any?>
            BLOCK_BODY
              CALL 'public final fun startHunting (mac: kotlin.String, vm: com.veteranop.trackem.ui.hunting.HuntingViewModel): kotlin.Unit declared in com.veteranop.trackem.ui.hunting.HuntingViewModel.Companion' type=kotlin.Unit origin=null
                $this: GET_FIELD 'FIELD FIELD_FOR_OBJECT_INSTANCE name:Companion type:com.veteranop.trackem.ui.hunting.HuntingViewModel.Companion visibility:public [final,static] declared in com.veteranop.trackem.ui.hunting.HuntingViewModel' type=com.veteranop.trackem.ui.hunting.HuntingViewModel.Companion origin=null
                mac: GET_FIELD 'FIELD FIELD_FOR_CAPTURED_VALUE name:$targetMac type:kotlin.String visibility:public/*package*/ [final] declared in com.veteranop.trackem.ui.hunting.HuntingModeKt.HuntingModeScreen.<no name provided>' type=kotlin.String origin=null
                  receiver: GET_VAR '<this>: com.veteranop.trackem.ui.hunting.HuntingModeKt.HuntingModeScreen.<no name provided> declared in com.veteranop.trackem.ui.hunting.HuntingModeKt.HuntingModeScreen.<no name provided>.invokeSuspend' type=com.veteranop.trackem.ui.hunting.HuntingModeKt.HuntingModeScreen.<no name provided> origin=null
                vm: GET_FIELD 'FIELD FIELD_FOR_CAPTURED_VALUE name:$viewModel type:com.veteranop.trackem.ui.hunting.HuntingViewModel visibility:public/*package*/ [final] declared in com.veteranop.trackem.ui.hunting.HuntingModeKt.HuntingModeScreen.<no name provided>' type=com.veteranop.trackem.ui.hunting.HuntingViewModel origin=null
                  receiver: GET_VAR '<this>: com.veteranop.trackem.ui.hunting.HuntingModeKt.HuntingModeScreen.<no name provided> declared in com.veteranop.trackem.ui.hunting.HuntingModeKt.HuntingModeScreen.<no name provided>.invokeSuspend' type=com.veteranop.trackem.ui.hunting.HuntingModeKt.HuntingModeScreen.<no name provided> origin=null
          FUN name:create visibility:public modality:FINAL <> ($this:com.veteranop.trackem.ui.hunting.HuntingModeKt.HuntingModeScreen.<no name provided>, value:kotlin.Any?, $completion:kotlin.coroutines.Continuation<kotlin.Nothing>) returnType:kotlin.coroutines.Continuation<kotlin.Unit>
            overridden:
              public open fun create (value: kotlin.Any?, $completion: kotlin.coroutines.Continuation<kotlin.Nothing>): kotlin.coroutines.Continuation<kotlin.Unit> declared in kotlin.coroutines.jvm.internal.SuspendLambda
            $this: VALUE_PARAMETER INSTANCE_RECEIVER name:<this> type:com.veteranop.trackem.ui.hunting.HuntingModeKt.HuntingModeScreen.<no name provided>
            VALUE_PARAMETER name:value index:0 type:kotlin.Any?
            VALUE_PARAMETER name:$completion index:1 type:kotlin.coroutines.Continuation<kotlin.Nothing>
            BLOCK_BODY
              RETURN type=kotlin.Nothing from='public final fun create (value: kotlin.Any?, $completion: kotlin.coroutines.Continuation<kotlin.Nothing>): kotlin.coroutines.Continuation<kotlin.Unit> declared in com.veteranop.trackem.ui.hunting.HuntingModeKt.HuntingModeScreen.<no name provided>'
                CONSTRUCTOR_CALL 'public/*package*/ constructor <init> ($targetMac: kotlin.String, $viewModel: com.veteranop.trackem.ui.hunting.HuntingViewModel, $completion: kotlin.coroutines.Continuation<com.veteranop.trackem.ui.hunting.HuntingModeKt.HuntingModeScreen.<no name provided>>?) [primary] declared in com.veteranop.trackem.ui.hunting.HuntingModeKt.HuntingModeScreen.<no name provided>' type=com.veteranop.trackem.ui.hunting.HuntingModeKt.HuntingModeScreen.<no name provided> origin=null
                  $targetMac: GET_FIELD 'FIELD FIELD_FOR_CAPTURED_VALUE name:$targetMac type:kotlin.String visibility:public/*package*/ [final] declared in com.veteranop.trackem.ui.hunting.HuntingModeKt.HuntingModeScreen.<no name provided>' type=kotlin.String origin=null
                    receiver: GET_VAR '<this>: com.veteranop.trackem.ui.hunting.HuntingModeKt.HuntingModeScreen.<no name provided> declared in com.veteranop.trackem.ui.hunting.HuntingModeKt.HuntingModeScreen.<no name provided>.create' type=com.veteranop.trackem.ui.hunting.HuntingModeKt.HuntingModeScreen.<no name provided> origin=null
                  $viewModel: GET_FIELD 'FIELD FIELD_FOR_CAPTURED_VALUE name:$viewModel type:com.veteranop.trackem.ui.hunting.HuntingViewModel visibility:public/*package*/ [final] declared in com.veteranop.trackem.ui.hunting.HuntingModeKt.HuntingModeScreen.<no name provided>' type=com.veteranop.trackem.ui.hunting.HuntingViewModel origin=null
                    receiver: GET_VAR '<this>: com.veteranop.trackem.ui.hunting.HuntingModeKt.HuntingModeScreen.<no name provided> declared in com.veteranop.trackem.ui.hunting.HuntingModeKt.HuntingModeScreen.<no name provided>.create' type=com.veteranop.trackem.ui.hunting.HuntingModeKt.HuntingModeScreen.<no name provided> origin=null
                  $completion: GET_VAR '$completion: kotlin.coroutines.Continuation<kotlin.Nothing> declared in com.veteranop.trackem.ui.hunting.HuntingModeKt.HuntingModeScreen.<no name provided>.create' type=kotlin.coroutines.Continuation<kotlin.Nothing> origin=null
          FUN name:invoke visibility:public modality:FINAL <> ($this:com.veteranop.trackem.ui.hunting.HuntingModeKt.HuntingModeScreen.<no name provided>, p1:kotlinx.coroutines.CoroutineScope, p2:kotlin.coroutines.Continuation<kotlin.Unit>?) returnType:kotlin.Any?
            overridden:
              public abstract fun invoke (p1: P1 of kotlin.jvm.functions.Function2, p2: P2 of kotlin.jvm.functions.Function2): R of kotlin.jvm.functions.Function2 declared in kotlin.jvm.functions.Function2
            $this: VALUE_PARAMETER INSTANCE_RECEIVER name:<this> type:com.veteranop.trackem.ui.hunting.HuntingModeKt.HuntingModeScreen.<no name provided>
            VALUE_PARAMETER name:p1 index:0 type:kotlinx.coroutines.CoroutineScope
            VALUE_PARAMETER name:p2 index:1 type:kotlin.coroutines.Continuation<kotlin.Unit>?
            BLOCK_BODY
              RETURN type=kotlin.Nothing from='public final fun invoke (p1: kotlinx.coroutines.CoroutineScope, p2: kotlin.coroutines.Continuation<kotlin.Unit>?): kotlin.Any? declared in com.veteranop.trackem.ui.hunting.HuntingModeKt.HuntingModeScreen.<no name provided>'
                CALL 'public final fun invokeSuspend ($result: kotlin.Result<kotlin.Any?>): kotlin.Any? declared in com.veteranop.trackem.ui.hunting.HuntingModeKt.HuntingModeScreen.<no name provided>' type=kotlin.Any? origin=null
                  $this: TYPE_OP type=com.veteranop.trackem.ui.hunting.HuntingModeKt.HuntingModeScreen.<no name provided> origin=IMPLICIT_CAST typeOperand=com.veteranop.trackem.ui.hunting.HuntingModeKt.HuntingModeScreen.<no name provided>
                    CALL 'public final fun create (value: kotlin.Any?, $completion: kotlin.coroutines.Continuation<kotlin.Nothing>): kotlin.coroutines.Continuation<kotlin.Unit> declared in com.veteranop.trackem.ui.hunting.HuntingModeKt.HuntingModeScreen.<no name provided>' type=kotlin.coroutines.Continuation<kotlin.Unit> origin=null
                      $this: GET_VAR '<this>: com.veteranop.trackem.ui.hunting.HuntingModeKt.HuntingModeScreen.<no name provided> declared in com.veteranop.trackem.ui.hunting.HuntingModeKt.HuntingModeScreen.<no name provided>.invoke' type=com.veteranop.trackem.ui.hunting.HuntingModeKt.HuntingModeScreen.<no name provided> origin=null
                      value: GET_VAR 'p1: kotlinx.coroutines.CoroutineScope declared in com.veteranop.trackem.ui.hunting.HuntingModeKt.HuntingModeScreen.<no name provided>.invoke' type=kotlinx.coroutines.CoroutineScope origin=null
                      $completion: GET_VAR 'p2: kotlin.coroutines.Continuation<kotlin.Unit>? declared in com.veteranop.trackem.ui.hunting.HuntingModeKt.HuntingModeScreen.<no name provided>.invoke' type=kotlin.coroutines.Continuation<kotlin.Unit>? origin=null
                  $result: CALL 'public final fun <unsafe-coerce> <T, R> (v: T of kotlin.jvm.internal.<unsafe-coerce>): R of kotlin.jvm.internal.<unsafe-coerce> declared in kotlin.jvm.internal' type=kotlin.Result<kotlin.Any?> origin=null
                    <T>: kotlin.Any?
                    <R>: kotlin.Result<kotlin.Any?>
                    v: GET_FIELD 'FIELD FIELD_FOR_OBJECT_INSTANCE name:INSTANCE type:kotlin.Unit visibility:public [final,static] declared in kotlin.Unit' type=kotlin.Unit origin=null
          FIELD FIELD_FOR_CAPTURED_VALUE name:$targetMac type:kotlin.String visibility:public/*package*/ [final]
          FIELD FIELD_FOR_CAPTURED_VALUE name:$viewModel type:com.veteranop.trackem.ui.hunting.HuntingViewModel visibility:public/*package*/ [final]
          FUN BRIDGE name:invoke visibility:public modality:OPEN <> ($this:com.veteranop.trackem.ui.hunting.HuntingModeKt.HuntingModeScreen.<no name provided>, p1:kotlin.Any?, p2:kotlin.Any?) returnType:kotlin.Any?
            $this: VALUE_PARAMETER INSTANCE_RECEIVER name:<this> type:com.veteranop.trackem.ui.hunting.HuntingModeKt.HuntingModeScreen.<no name provided>
            VALUE_PARAMETER BRIDGE name:p1 index:0 type:kotlin.Any?
            VALUE_PARAMETER BRIDGE name:p2 index:1 type:kotlin.Any?
            EXPRESSION_BODY
              RETURN type=kotlin.Nothing from='public open fun invoke (p1: kotlin.Any?, p2: kotlin.Any?): kotlin.Any? declared in com.veteranop.trackem.ui.hunting.HuntingModeKt.HuntingModeScreen.<no name provided>'
                CALL 'public final fun invoke (p1: kotlinx.coroutines.CoroutineScope, p2: kotlin.coroutines.Continuation<kotlin.Unit>?): kotlin.Any? declared in com.veteranop.trackem.ui.hunting.HuntingModeKt.HuntingModeScreen.<no name provided>' type=kotlin.Any? origin=BRIDGE_DELEGATION
                  $this: GET_VAR '<this>: com.veteranop.trackem.ui.hunting.HuntingModeKt.HuntingModeScreen.<no name provided> declared in com.veteranop.trackem.ui.hunting.HuntingModeKt.HuntingModeScreen.<no name provided>.invoke' type=com.veteranop.trackem.ui.hunting.HuntingModeKt.HuntingModeScreen.<no name provided> origin=null
                  p1: TYPE_OP type=kotlinx.coroutines.CoroutineScope origin=IMPLICIT_CAST typeOperand=kotlinx.coroutines.CoroutineScope
                    GET_VAR 'p1: kotlin.Any? declared in com.veteranop.trackem.ui.hunting.HuntingModeKt.HuntingModeScreen.<no name provided>.invoke' type=kotlin.Any? origin=null
                  p2: TYPE_OP type=kotlin.coroutines.Continuation<*> origin=IMPLICIT_CAST typeOperand=kotlin.coroutines.Continuation<*>
                    GET_VAR 'p2: kotlin.Any? declared in com.veteranop.trackem.ui.hunting.HuntingModeKt.HuntingModeScreen.<no name provided>.invoke' type=kotlin.Any? origin=null
        CONSTRUCTOR_CALL 'public/*package*/ constructor <init> ($targetMac: kotlin.String, $viewModel: com.veteranop.trackem.ui.hunting.HuntingViewModel, $completion: kotlin.coroutines.Continuation<com.veteranop.trackem.ui.hunting.HuntingModeKt.HuntingModeScreen.<no name provided>>?) [primary] declared in com.veteranop.trackem.ui.hunting.HuntingModeKt.HuntingModeScreen.<no name provided>' type=com.veteranop.trackem.ui.hunting.HuntingModeKt.HuntingModeScreen.<no name provided> origin=null
          $targetMac: GET_VAR 'targetMac: kotlin.String declared in com.veteranop.trackem.ui.hunting.HuntingModeKt.HuntingModeScreen' type=kotlin.String origin=null
          $viewModel: GET_VAR 'viewModel: com.veteranop.trackem.ui.hunting.HuntingViewModel declared in com.veteranop.trackem.ui.hunting.HuntingModeKt.HuntingModeScreen' type=com.veteranop.trackem.ui.hunting.HuntingViewModel origin=null
          $completion: CONST Null type=kotlin.Nothing? value=null
    CALL 'public final fun DisposableEffect (key1: kotlin.Any?, effect: @[ExtensionFunctionType] kotlin.Function1<androidx.compose.runtime.DisposableEffectScope, androidx.compose.runtime.DisposableEffectResult>): kotlin.Unit declared in androidx.compose.runtime.EffectsKt' type=kotlin.Unit origin=null
      key1: GET_FIELD 'FIELD FIELD_FOR_OBJECT_INSTANCE name:INSTANCE type:kotlin.Unit visibility:public [final,static] declared in kotlin.Unit' type=kotlin.Unit origin=null
      effect: BLOCK type=@[ExtensionFunctionType] kotlin.Function1<androidx.compose.runtime.DisposableEffectScope, androidx.compose.runtime.DisposableEffectResult> origin=LAMBDA
        COMPOSITE type=kotlin.Unit origin=null
        CALL 'public final fun <jvm-indy> <T> (dynamicCall: T of kotlin.jvm.internal.<jvm-indy>, bootstrapMethodHandle: kotlin.Any, vararg bootstrapMethodArguments: kotlin.Any): T of kotlin.jvm.internal.<jvm-indy> declared in kotlin.jvm.internal' type=@[ExtensionFunctionType] kotlin.Function1<androidx.compose.runtime.DisposableEffectScope, androidx.compose.runtime.DisposableEffectResult> origin=null
          <T>: @[ExtensionFunctionType] kotlin.Function1<androidx.compose.runtime.DisposableEffectScope, androidx.compose.runtime.DisposableEffectResult>
          dynamicCall: CALL 'public final fun invoke (): @[ExtensionFunctionType] kotlin.Function1<androidx.compose.runtime.DisposableEffectScope, androidx.compose.runtime.DisposableEffectResult> declared in kotlin.jvm.internal.invokeDynamic' type=@[ExtensionFunctionType] kotlin.Function1<androidx.compose.runtime.DisposableEffectScope, androidx.compose.runtime.DisposableEffectResult> origin=null
          bootstrapMethodHandle: CALL 'public final fun <jvm-method-handle> (tag: kotlin.Int, owner: kotlin.String, name: kotlin.String, descriptor: kotlin.String, isInterface: kotlin.Boolean): kotlin.Any declared in kotlin.jvm.internal' type=kotlin.Any origin=null
            tag: CONST Int type=kotlin.Int value=6
            owner: CONST String type=kotlin.String value="java/lang/invoke/LambdaMetafactory"
            name: CONST String type=kotlin.String value="metafactory"
            descriptor: CONST String type=kotlin.String value="(Ljava/lang/invoke/MethodHandles$Lookup;Ljava/lang/String;Ljava/lang/invoke/MethodType;Ljava/lang/invoke/MethodType;Ljava/lang/invoke/MethodHandle;Ljava/lang/invoke/MethodType;)Ljava/lang/invoke/CallSite;"
            isInterface: CONST Boolean type=kotlin.Boolean value=false
          bootstrapMethodArguments: VARARG type=kotlin.Array<kotlin.Any> varargElementType=kotlin.Any
            CALL 'public final fun <jvm-original-method-type> (method: kotlin.Any): kotlin.Any declared in kotlin.jvm.internal' type=kotlin.Any origin=null
              method: RAW_FUNCTION_REFERENCE 'public abstract fun invoke (p1: P1 of kotlin.Function1): R of kotlin.Function1 [operator] declared in kotlin.Function1' type=kotlin.Any
            RAW_FUNCTION_REFERENCE 'private final fun HuntingModeScreen$lambda$14 ($this$DisposableEffect: androidx.compose.runtime.DisposableEffectScope): androidx.compose.runtime.DisposableEffectResult declared in com.veteranop.trackem.ui.hunting.HuntingModeKt' type=kotlin.Any
            CALL 'public final fun <jvm-original-method-type> (method: kotlin.Any): kotlin.Any declared in kotlin.jvm.internal' type=kotlin.Any origin=null
              method: RAW_FUNCTION_REFERENCE 'public abstract fun invoke (p1: androidx.compose.runtime.DisposableEffectScope): androidx.compose.runtime.DisposableEffectResult [fake_override,operator] declared in kotlin.jvm.internal.invokeDynamic.<fake>' type=kotlin.Any

	at org.jetbrains.kotlin.backend.jvm.codegen.FunctionCodegen.generate(FunctionCodegen.kt:47)
	at org.jetbrains.kotlin.backend.jvm.codegen.FunctionCodegen.generate$default(FunctionCodegen.kt:40)
	at org.jetbrains.kotlin.backend.jvm.codegen.ClassCodegen.generateMethodNode(ClassCodegen.kt:406)
	at org.jetbrains.kotlin.backend.jvm.codegen.ClassCodegen.generateMethod(ClassCodegen.kt:423)
	at org.jetbrains.kotlin.backend.jvm.codegen.ClassCodegen.generate(ClassCodegen.kt:168)
	at org.jetbrains.kotlin.backend.jvm.FileCodegen.lower(JvmPhases.kt:39)
	at org.jetbrains.kotlin.backend.common.phaser.PhaseFactoriesKt.createFilePhase$lambda$4(PhaseFactories.kt:71)
	at org.jetbrains.kotlin.backend.common.phaser.PhaseBuildersKt$createSimpleNamedCompilerPhase$1.phaseBody(PhaseBuilders.kt:69)
	at org.jetbrains.kotlin.backend.common.phaser.SimpleNamedCompilerPhase.phaseBody(CompilerPhase.kt:226)
	at org.jetbrains.kotlin.backend.common.phaser.AbstractNamedCompilerPhase.invoke(CompilerPhase.kt:113)
	at org.jetbrains.kotlin.backend.common.phaser.PerformByIrFilePhase.invokeSequential(performByIrFile.kt:62)
	... 43 more
Caused by: java.lang.RuntimeException: Exception while generating code for:
FUN INLINE_LAMBDA name:HuntingModeScreen$lambda$12 visibility:private modality:FINAL <> ($receiver:androidx.compose.foundation.layout.BoxScope, $onBack:kotlin.Function0<kotlin.Unit>, $cameraPositionState$delegate:androidx.compose.runtime.State<com.google.maps.android.compose.CameraPositionState>, $samples$delegate:androidx.compose.runtime.State<kotlin.collections.List<com.veteranop.trackem.data.RssiSample>>, $estimatedPos$delegate:androidx.compose.runtime.State<com.google.android.gms.maps.model.LatLng?>, $radius$delegate:androidx.compose.runtime.State<kotlin.Double?>, $targetMac:kotlin.String) returnType:kotlin.Unit
  $receiver: VALUE_PARAMETER name:$this$Box type:androidx.compose.foundation.layout.BoxScope
  VALUE_PARAMETER BOUND_VALUE_PARAMETER name:$onBack index:0 type:kotlin.Function0<kotlin.Unit>
  VALUE_PARAMETER BOUND_VALUE_PARAMETER name:$cameraPositionState$delegate index:1 type:androidx.compose.runtime.State<com.google.maps.android.compose.CameraPositionState>
  VALUE_PARAMETER BOUND_VALUE_PARAMETER name:$samples$delegate index:2 type:androidx.compose.runtime.State<kotlin.collections.List<com.veteranop.trackem.data.RssiSample>>
  VALUE_PARAMETER BOUND_VALUE_PARAMETER name:$estimatedPos$delegate index:3 type:androidx.compose.runtime.State<com.google.android.gms.maps.model.LatLng?>
  VALUE_PARAMETER BOUND_VALUE_PARAMETER name:$radius$delegate index:4 type:androidx.compose.runtime.State<kotlin.Double?>
  VALUE_PARAMETER BOUND_VALUE_PARAMETER name:$targetMac index:5 type:kotlin.String
  BLOCK_BODY
    VAR name:$i$a$-Box$default-HuntingModeKt$HuntingModeScreen$1 type:kotlin.Int [val]
      CONST Int type=kotlin.Int value=0
    CALL 'public final fun GoogleMap$default (mergeDescendants: kotlin.Boolean, modifier: androidx.compose.ui.Modifier?, cameraPositionState: com.google.maps.android.compose.CameraPositionState?, contentDescription: kotlin.String?, googleMapOptionsFactory: kotlin.Function0<com.google.android.gms.maps.GoogleMapOptions>?, properties: com.google.maps.android.compose.MapProperties?, locationSource: com.google.android.gms.maps.LocationSource?, uiSettings: com.google.maps.android.compose.MapUiSettings?, indoorStateChangeListener: com.google.maps.android.compose.IndoorStateChangeListener?, onMapClick: kotlin.Function1<com.google.android.gms.maps.model.LatLng, kotlin.Unit>?, onMapLongClick: kotlin.Function1<com.google.android.gms.maps.model.LatLng, kotlin.Unit>?, onMapLoaded: kotlin.Function0<kotlin.Unit>?, onMyLocationButtonClick: kotlin.Function0<kotlin.Boolean>?, onMyLocationClick: kotlin.Function1<android.location.Location, kotlin.Unit>?, onPOIClick: kotlin.Function1<com.google.android.gms.maps.model.PointOfInterest, kotlin.Unit>?, contentPadding: androidx.compose.foundation.layout.PaddingValues?, content: @[Composable] @[GoogleMapComposable] kotlin.Function0<kotlin.Unit>?, $mask0: kotlin.Int, $handler: kotlin.Any?): kotlin.Unit declared in com.google.maps.android.compose.GoogleMapKt' type=kotlin.Unit origin=DEFAULT_DISPATCH_CALL
      mergeDescendants: COMPOSITE type=kotlin.Boolean origin=DEFAULT_VALUE
        CONST Boolean type=kotlin.Boolean value=false
      modifier: CALL 'public final fun fillMaxSize$default (fraction: kotlin.Float, $mask0: kotlin.Int, $handler: kotlin.Any?): androidx.compose.ui.Modifier declared in androidx.compose.foundation.layout.SizeKt' type=androidx.compose.ui.Modifier origin=DEFAULT_DISPATCH_CALL
        $receiver: GET_FIELD 'FIELD FIELD_FOR_OBJECT_INSTANCE name:Companion type:androidx.compose.ui.Modifier.Companion visibility:public [final,static] declared in androidx.compose.ui.Modifier' type=androidx.compose.ui.Modifier.Companion origin=null
        fraction: COMPOSITE type=kotlin.Float origin=DEFAULT_VALUE
          CONST Float type=kotlin.Float value=0.0
        $mask0: CONST Int type=kotlin.Int value=1
        $handler: CONST Null type=kotlin.Any? value=null
      cameraPositionState: CALL 'private final fun HuntingModeScreen$lambda$3 ($cameraPositionState$delegate: androidx.compose.runtime.State<com.google.maps.android.compose.CameraPositionState>): com.google.maps.android.compose.CameraPositionState declared in com.veteranop.trackem.ui.hunting.HuntingModeKt' type=com.google.maps.android.compose.CameraPositionState origin=GET_LOCAL_PROPERTY
        $cameraPositionState$delegate: GET_VAR '$cameraPositionState$delegate: androidx.compose.runtime.State<com.google.maps.android.compose.CameraPositionState> declared in com.veteranop.trackem.ui.hunting.HuntingModeKt.HuntingModeScreen$lambda$12' type=androidx.compose.runtime.State<com.google.maps.android.compose.CameraPositionState> origin=null
      contentDescription: COMPOSITE type=kotlin.String? origin=DEFAULT_VALUE
        CONST Null type=kotlin.String? value=null
      googleMapOptionsFactory: COMPOSITE type=kotlin.Function0<com.google.android.gms.maps.GoogleMapOptions>? origin=DEFAULT_VALUE
        CONST Null type=kotlin.Function0<com.google.android.gms.maps.GoogleMapOptions>? value=null
      properties: CONSTRUCTOR_CALL 'public constructor <init> (isBuildingEnabled: kotlin.Boolean, isIndoorEnabled: kotlin.Boolean, isMyLocationEnabled: kotlin.Boolean, isTrafficEnabled: kotlin.Boolean, latLngBoundsForCameraTarget: com.google.android.gms.maps.model.LatLngBounds?, mapStyleOptions: com.google.android.gms.maps.model.MapStyleOptions?, mapType: com.google.maps.android.compose.MapType?, maxZoomPreference: kotlin.Float, minZoomPreference: kotlin.Float, $mask0: kotlin.Int, $marker: kotlin.jvm.internal.DefaultConstructorMarker?) declared in com.google.maps.android.compose.MapProperties' type=com.google.maps.android.compose.MapProperties origin=DEFAULT_DISPATCH_CALL
        isBuildingEnabled: COMPOSITE type=kotlin.Boolean origin=DEFAULT_VALUE
          CONST Boolean type=kotlin.Boolean value=false
        isIndoorEnabled: COMPOSITE type=kotlin.Boolean origin=DEFAULT_VALUE
          CONST Boolean type=kotlin.Boolean value=false
        isMyLocationEnabled: CONST Boolean type=kotlin.Boolean value=true
        isTrafficEnabled: COMPOSITE type=kotlin.Boolean origin=DEFAULT_VALUE
          CONST Boolean type=kotlin.Boolean value=false
        latLngBoundsForCameraTarget: COMPOSITE type=com.google.android.gms.maps.model.LatLngBounds? origin=DEFAULT_VALUE
          CONST Null type=com.google.android.gms.maps.model.LatLngBounds? value=null
        mapStyleOptions: COMPOSITE type=com.google.android.gms.maps.model.MapStyleOptions? origin=DEFAULT_VALUE
          CONST Null type=com.google.android.gms.maps.model.MapStyleOptions? value=null
        mapType: COMPOSITE type=com.google.maps.android.compose.MapType? origin=DEFAULT_VALUE
          CONST Null type=com.google.maps.android.compose.MapType? value=null
        maxZoomPreference: COMPOSITE type=kotlin.Float origin=DEFAULT_VALUE
          CONST Float type=kotlin.Float value=0.0
        minZoomPreference: COMPOSITE type=kotlin.Float origin=DEFAULT_VALUE
          CONST Float type=kotlin.Float value=0.0
        $mask0: CONST Int type=kotlin.Int value=507
        $marker: CONST Null type=kotlin.jvm.internal.DefaultConstructorMarker? value=null
      locationSource: COMPOSITE type=com.google.android.gms.maps.LocationSource? origin=DEFAULT_VALUE
        CONST Null type=com.google.android.gms.maps.LocationSource? value=null
      uiSettings: COMPOSITE type=com.google.maps.android.compose.MapUiSettings? origin=DEFAULT_VALUE
        CONST Null type=com.google.maps.android.compose.MapUiSettings? value=null
      indoorStateChangeListener: COMPOSITE type=com.google.maps.android.compose.IndoorStateChangeListener? origin=DEFAULT_VALUE
        CONST Null type=com.google.maps.android.compose.IndoorStateChangeListener? value=null
      onMapClick: COMPOSITE type=kotlin.Function1<com.google.android.gms.maps.model.LatLng, kotlin.Unit>? origin=DEFAULT_VALUE
        CONST Null type=kotlin.Function1<com.google.android.gms.maps.model.LatLng, kotlin.Unit>? value=null
      onMapLongClick: COMPOSITE type=kotlin.Function1<com.google.android.gms.maps.model.LatLng, kotlin.Unit>? origin=DEFAULT_VALUE
        CONST Null type=kotlin.Function1<com.google.android.gms.maps.model.LatLng, kotlin.Unit>? value=null
      onMapLoaded: COMPOSITE type=kotlin.Function0<kotlin.Unit>? origin=DEFAULT_VALUE
        CONST Null type=kotlin.Function0<kotlin.Unit>? value=null
      onMyLocationButtonClick: COMPOSITE type=kotlin.Function0<kotlin.Boolean>? origin=DEFAULT_VALUE
        CONST Null type=kotlin.Function0<kotlin.Boolean>? value=null
      onMyLocationClick: COMPOSITE type=kotlin.Function1<android.location.Location, kotlin.Unit>? origin=DEFAULT_VALUE
        CONST Null type=kotlin.Function1<android.location.Location, kotlin.Unit>? value=null
      onPOIClick: COMPOSITE type=kotlin.Function1<com.google.android.gms.maps.model.PointOfInterest, kotlin.Unit>? origin=DEFAULT_VALUE
        CONST Null type=kotlin.Function1<com.google.android.gms.maps.model.PointOfInterest, kotlin.Unit>? value=null
      contentPadding: COMPOSITE type=androidx.compose.foundation.layout.PaddingValues? origin=DEFAULT_VALUE
        CONST Null type=androidx.compose.foundation.layout.PaddingValues? value=null
      content: BLOCK type=kotlin.Function0<kotlin.Unit> origin=LAMBDA
        COMPOSITE type=kotlin.Unit origin=null
        CALL 'public final fun <jvm-indy> <T> (dynamicCall: T of kotlin.jvm.internal.<jvm-indy>, bootstrapMethodHandle: kotlin.Any, vararg bootstrapMethodArguments: kotlin.Any): T of kotlin.jvm.internal.<jvm-indy> declared in kotlin.jvm.internal' type=kotlin.Function0<kotlin.Unit> origin=null
          <T>: kotlin.Function0<kotlin.Unit>
          dynamicCall: CALL 'public final fun invoke (p0: androidx.compose.runtime.State<kotlin.collections.List<com.veteranop.trackem.data.RssiSample>>, p1: androidx.compose.runtime.State<com.google.android.gms.maps.model.LatLng?>, p2: androidx.compose.runtime.State<kotlin.Double?>): kotlin.Function0<kotlin.Unit> declared in kotlin.jvm.internal.invokeDynamic' type=kotlin.Function0<kotlin.Unit> origin=null
            p0: GET_VAR '$samples$delegate: androidx.compose.runtime.State<kotlin.collections.List<com.veteranop.trackem.data.RssiSample>> declared in com.veteranop.trackem.ui.hunting.HuntingModeKt.HuntingModeScreen$lambda$12' type=androidx.compose.runtime.State<kotlin.collections.List<com.veteranop.trackem.data.RssiSample>> origin=null
            p1: GET_VAR '$estimatedPos$delegate: androidx.compose.runtime.State<com.google.android.gms.maps.model.LatLng?> declared in com.veteranop.trackem.ui.hunting.HuntingModeKt.HuntingModeScreen$lambda$12' type=androidx.compose.runtime.State<com.google.android.gms.maps.model.LatLng?> origin=null
            p2: GET_VAR '$radius$delegate: androidx.compose.runtime.State<kotlin.Double?> declared in com.veteranop.trackem.ui.hunting.HuntingModeKt.HuntingModeScreen$lambda$12' type=androidx.compose.runtime.State<kotlin.Double?> origin=null
          bootstrapMethodHandle: CALL 'public final fun <jvm-method-handle> (tag: kotlin.Int, owner: kotlin.String, name: kotlin.String, descriptor: kotlin.String, isInterface: kotlin.Boolean): kotlin.Any declared in kotlin.jvm.internal' type=kotlin.Any origin=null
            tag: CONST Int type=kotlin.Int value=6
            owner: CONST String type=kotlin.String value="java/lang/invoke/LambdaMetafactory"
            name: CONST String type=kotlin.String value="metafactory"
            descriptor: CONST String type=kotlin.String value="(Ljava/lang/invoke/MethodHandles$Lookup;Ljava/lang/String;Ljava/lang/invoke/MethodType;Ljava/lang/invoke/MethodType;Ljava/lang/invoke/MethodHandle;Ljava/lang/invoke/MethodType;)Ljava/lang/invoke/CallSite;"
            isInterface: CONST Boolean type=kotlin.Boolean value=false
          bootstrapMethodArguments: VARARG type=kotlin.Array<kotlin.Any> varargElementType=kotlin.Any
            CALL 'public final fun <jvm-original-method-type> (method: kotlin.Any): kotlin.Any declared in kotlin.jvm.internal' type=kotlin.Any origin=null
              method: RAW_FUNCTION_REFERENCE 'public abstract fun invoke (): R of kotlin.Function0 [operator] declared in kotlin.Function0' type=kotlin.Any
            RAW_FUNCTION_REFERENCE 'private final fun HuntingModeScreen$lambda$12$lambda$8 ($samples$delegate: androidx.compose.runtime.State<kotlin.collections.List<com.veteranop.trackem.data.RssiSample>>, $estimatedPos$delegate: androidx.compose.runtime.State<com.google.android.gms.maps.model.LatLng?>, $radius$delegate: androidx.compose.runtime.State<kotlin.Double?>): kotlin.Unit? declared in com.veteranop.trackem.ui.hunting.HuntingModeKt' type=kotlin.Any
            CALL 'public final fun <jvm-original-method-type> (method: kotlin.Any): kotlin.Any declared in kotlin.jvm.internal' type=kotlin.Any origin=null
              method: RAW_FUNCTION_REFERENCE 'public abstract fun invoke (): kotlin.Unit? [fake_override,operator] declared in kotlin.jvm.internal.invokeDynamic.<fake>' type=kotlin.Any
      $mask0: CONST Int type=kotlin.Int value=65497
      $handler: CONST Null type=kotlin.Any? value=null
    CALL 'public final fun Column$default (modifier: androidx.compose.ui.Modifier?, verticalArrangement: androidx.compose.foundation.layout.Arrangement.Vertical?, horizontalAlignment: androidx.compose.ui.Alignment.Horizontal?, content: @[Composable] @[ExtensionFunctionType] kotlin.Function1<androidx.compose.foundation.layout.ColumnScope, kotlin.Unit>, $mask0: kotlin.Int, $handler: kotlin.Any?): kotlin.Unit [inline] declared in androidx.compose.foundation.layout.ColumnKt' type=kotlin.Unit origin=DEFAULT_DISPATCH_CALL
      modifier: CALL 'public final fun padding-3ABfNKs (all: androidx.compose.ui.unit.Dp): androidx.compose.ui.Modifier declared in androidx.compose.foundation.layout.PaddingKt' type=androidx.compose.ui.Modifier origin=null
        $receiver: CALL 'public final fun background-bw27NRU (color: androidx.compose.ui.graphics.Color, shape: androidx.compose.ui.graphics.Shape): androidx.compose.ui.Modifier declared in androidx.compose.foundation.BackgroundKt' type=androidx.compose.ui.Modifier origin=null
          $receiver: CALL 'public final fun padding-3ABfNKs (all: androidx.compose.ui.unit.Dp): androidx.compose.ui.Modifier declared in androidx.compose.foundation.layout.PaddingKt' type=androidx.compose.ui.Modifier origin=null
            $receiver: CALL 'public abstract fun align (alignment: androidx.compose.ui.Alignment): androidx.compose.ui.Modifier declared in androidx.compose.foundation.layout.BoxScope' type=androidx.compose.ui.Modifier origin=null
              $this: GET_VAR '$this$Box: androidx.compose.foundation.layout.BoxScope declared in com.veteranop.trackem.ui.hunting.HuntingModeKt.HuntingModeScreen$lambda$12' type=androidx.compose.foundation.layout.BoxScope origin=null
              $receiver: GET_FIELD 'FIELD FIELD_FOR_OBJECT_INSTANCE name:Companion type:androidx.compose.ui.Modifier.Companion visibility:public [final,static] declared in androidx.compose.ui.Modifier' type=androidx.compose.ui.Modifier.Companion origin=null
              alignment: CALL 'public final fun <get-TopCenter> (): androidx.compose.ui.Alignment declared in androidx.compose.ui.Alignment.Companion' type=androidx.compose.ui.Alignment origin=GET_PROPERTY
                $this: GET_FIELD 'FIELD FIELD_FOR_OBJECT_INSTANCE name:Companion type:androidx.compose.ui.Alignment.Companion visibility:public [final,static] declared in androidx.compose.ui.Alignment' type=androidx.compose.ui.Alignment.Companion origin=null
            all: CALL 'public final fun <get-dp> (): androidx.compose.ui.unit.Dp [inline] declared in androidx.compose.ui.unit.DpKt' type=androidx.compose.ui.unit.Dp origin=GET_PROPERTY
              $receiver: CONST Int type=kotlin.Int value=16
          color: CALL 'public final fun copy-wmQWz5c$default (arg0: androidx.compose.ui.graphics.Color, alpha: kotlin.Float, red: kotlin.Float, green: kotlin.Float, blue: kotlin.Float, $mask0: kotlin.Int, $handler: kotlin.Any?): androidx.compose.ui.graphics.Color declared in androidx.compose.ui.graphics.Color' type=androidx.compose.ui.graphics.Color origin=DEFAULT_DISPATCH_CALL
            arg0: CALL 'public final fun getBlack-0d7_KjU (): androidx.compose.ui.graphics.Color declared in androidx.compose.ui.graphics.Color.Companion' type=androidx.compose.ui.graphics.Color origin=GET_PROPERTY
              $this: GET_FIELD 'FIELD FIELD_FOR_OBJECT_INSTANCE name:Companion type:androidx.compose.ui.graphics.Color.Companion visibility:public [final,static] declared in androidx.compose.ui.graphics.Color' type=androidx.compose.ui.graphics.Color.Companion origin=null
            alpha: CONST Float type=kotlin.Float value=0.75
            red: COMPOSITE type=kotlin.Float origin=DEFAULT_VALUE
              CONST Float type=kotlin.Float value=0.0
            green: COMPOSITE type=kotlin.Float origin=DEFAULT_VALUE
              CONST Float type=kotlin.Float value=0.0
            blue: COMPOSITE type=kotlin.Float origin=DEFAULT_VALUE
              CONST Float type=kotlin.Float value=0.0
            $mask0: CONST Int type=kotlin.Int value=14
            $handler: CONST Null type=kotlin.Any? value=null
          shape: CALL 'public final fun <get-medium> (): androidx.compose.foundation.shape.CornerBasedShape declared in androidx.compose.material3.Shapes' type=androidx.compose.foundation.shape.CornerBasedShape origin=GET_PROPERTY
            $this: CALL 'public final fun <get-shapes> (): androidx.compose.material3.Shapes declared in androidx.compose.material3.MaterialTheme' type=androidx.compose.material3.Shapes origin=GET_PROPERTY
              $this: GET_FIELD 'FIELD FIELD_FOR_OBJECT_INSTANCE name:INSTANCE type:androidx.compose.material3.MaterialTheme visibility:public [final,static] declared in androidx.compose.material3.MaterialTheme' type=androidx.compose.material3.MaterialTheme origin=null
        all: CALL 'public final fun <get-dp> (): androidx.compose.ui.unit.Dp [inline] declared in androidx.compose.ui.unit.DpKt' type=androidx.compose.ui.unit.Dp origin=GET_PROPERTY
          $receiver: CONST Int type=kotlin.Int value=16
      verticalArrangement: COMPOSITE type=androidx.compose.foundation.layout.Arrangement.Vertical? origin=DEFAULT_VALUE
        CONST Null type=androidx.compose.foundation.layout.Arrangement.Vertical? value=null
      horizontalAlignment: COMPOSITE type=androidx.compose.ui.Alignment.Horizontal? origin=DEFAULT_VALUE
        CONST Null type=androidx.compose.ui.Alignment.Horizontal? value=null
      content: BLOCK type=@[ExtensionFunctionType] kotlin.Function1<androidx.compose.foundation.layout.ColumnScope, kotlin.Unit> origin=LAMBDA
        COMPOSITE type=kotlin.Unit origin=null
        FUNCTION_REFERENCE 'private final fun HuntingModeScreen$lambda$12$lambda$10 ($targetMac: kotlin.String, $samples$delegate: androidx.compose.runtime.State<kotlin.collections.List<com.veteranop.trackem.data.RssiSample>>, $radius$delegate: androidx.compose.runtime.State<kotlin.Double?>): kotlin.Unit declared in com.veteranop.trackem.ui.hunting.HuntingModeKt' type=@[ExtensionFunctionType] kotlin.Function1<androidx.compose.foundation.layout.ColumnScope, kotlin.Unit> origin=INLINE_LAMBDA reflectionTarget=null
          $targetMac: GET_VAR '$targetMac: kotlin.String declared in com.veteranop.trackem.ui.hunting.HuntingModeKt.HuntingModeScreen$lambda$12' type=kotlin.String origin=null
          $samples$delegate: GET_VAR '$samples$delegate: androidx.compose.runtime.State<kotlin.collections.List<com.veteranop.trackem.data.RssiSample>> declared in com.veteranop.trackem.ui.hunting.HuntingModeKt.HuntingModeScreen$lambda$12' type=androidx.compose.runtime.State<kotlin.collections.List<com.veteranop.trackem.data.RssiSample>> origin=null
          $radius$delegate: GET_VAR '$radius$delegate: androidx.compose.runtime.State<kotlin.Double?> declared in com.veteranop.trackem.ui.hunting.HuntingModeKt.HuntingModeScreen$lambda$12' type=androidx.compose.runtime.State<kotlin.Double?> origin=null
      $mask0: CONST Int type=kotlin.Int value=6
      $handler: CONST Null type=kotlin.Any? value=null
    CALL 'public final fun IconButton$default (onClick: kotlin.Function0<kotlin.Unit>, modifier: androidx.compose.ui.Modifier?, enabled: kotlin.Boolean, colors: androidx.compose.material3.IconButtonColors?, interactionSource: androidx.compose.foundation.interaction.MutableInteractionSource?, content: @[Composable] kotlin.Function0<kotlin.Unit>, $mask0: kotlin.Int, $handler: kotlin.Any?): kotlin.Unit declared in androidx.compose.material3.IconButtonKt' type=kotlin.Unit origin=DEFAULT_DISPATCH_CALL
      onClick: GET_VAR '$onBack: kotlin.Function0<kotlin.Unit> declared in com.veteranop.trackem.ui.hunting.HuntingModeKt.HuntingModeScreen$lambda$12' type=kotlin.Function0<kotlin.Unit> origin=null
      modifier: CALL 'public final fun background-bw27NRU$default (color: androidx.compose.ui.graphics.Color, shape: androidx.compose.ui.graphics.Shape?, $mask0: kotlin.Int, $handler: kotlin.Any?): androidx.compose.ui.Modifier declared in androidx.compose.foundation.BackgroundKt' type=androidx.compose.ui.Modifier origin=DEFAULT_DISPATCH_CALL
        $receiver: CALL 'public final fun clip (shape: androidx.compose.ui.graphics.Shape): androidx.compose.ui.Modifier declared in androidx.compose.ui.draw.ClipKt' type=androidx.compose.ui.Modifier origin=null
          $receiver: CALL 'public final fun padding-3ABfNKs (all: androidx.compose.ui.unit.Dp): androidx.compose.ui.Modifier declared in androidx.compose.foundation.layout.PaddingKt' type=androidx.compose.ui.Modifier origin=null
            $receiver: CALL 'public abstract fun align (alignment: androidx.compose.ui.Alignment): androidx.compose.ui.Modifier declared in androidx.compose.foundation.layout.BoxScope' type=androidx.compose.ui.Modifier origin=null
              $this: GET_VAR '$this$Box: androidx.compose.foundation.layout.BoxScope declared in com.veteranop.trackem.ui.hunting.HuntingModeKt.HuntingModeScreen$lambda$12' type=androidx.compose.foundation.layout.BoxScope origin=null
              $receiver: GET_FIELD 'FIELD FIELD_FOR_OBJECT_INSTANCE name:Companion type:androidx.compose.ui.Modifier.Companion visibility:public [final,static] declared in androidx.compose.ui.Modifier' type=androidx.compose.ui.Modifier.Companion origin=null
              alignment: CALL 'public final fun <get-TopStart> (): androidx.compose.ui.Alignment declared in androidx.compose.ui.Alignment.Companion' type=androidx.compose.ui.Alignment origin=GET_PROPERTY
                $this: GET_FIELD 'FIELD FIELD_FOR_OBJECT_INSTANCE name:Companion type:androidx.compose.ui.Alignment.Companion visibility:public [final,static] declared in androidx.compose.ui.Alignment' type=androidx.compose.ui.Alignment.Companion origin=null
            all: CALL 'public final fun <get-dp> (): androidx.compose.ui.unit.Dp [inline] declared in androidx.compose.ui.unit.DpKt' type=androidx.compose.ui.unit.Dp origin=GET_PROPERTY
              $receiver: CONST Int type=kotlin.Int value=16
          shape: CALL 'public final fun <get-CircleShape> (): androidx.compose.foundation.shape.RoundedCornerShape declared in androidx.compose.foundation.shape.RoundedCornerShapeKt' type=androidx.compose.foundation.shape.RoundedCornerShape origin=GET_PROPERTY
        color: CALL 'public final fun copy-wmQWz5c$default (arg0: androidx.compose.ui.graphics.Color, alpha: kotlin.Float, red: kotlin.Float, green: kotlin.Float, blue: kotlin.Float, $mask0: kotlin.Int, $handler: kotlin.Any?): androidx.compose.ui.graphics.Color declared in androidx.compose.ui.graphics.Color' type=androidx.compose.ui.graphics.Color origin=DEFAULT_DISPATCH_CALL
          arg0: CALL 'public final fun getBlack-0d7_KjU (): androidx.compose.ui.graphics.Color declared in androidx.compose.ui.graphics.Color.Companion' type=androidx.compose.ui.graphics.Color origin=GET_PROPERTY
            $this: GET_FIELD 'FIELD FIELD_FOR_OBJECT_INSTANCE name:Companion type:androidx.compose.ui.graphics.Color.Companion visibility:public [final,static] declared in androidx.compose.ui.graphics.Color' type=androidx.compose.ui.graphics.Color.Companion origin=null
          alpha: CONST Float type=kotlin.Float value=0.6
          red: COMPOSITE type=kotlin.Float origin=DEFAULT_VALUE
            CONST Float type=kotlin.Float value=0.0
          green: COMPOSITE type=kotlin.Float origin=DEFAULT_VALUE
            CONST Float type=kotlin.Float value=0.0
          blue: COMPOSITE type=kotlin.Float origin=DEFAULT_VALUE
            CONST Float type=kotlin.Float value=0.0
          $mask0: CONST Int type=kotlin.Int value=14
          $handler: CONST Null type=kotlin.Any? value=null
        shape: COMPOSITE type=androidx.compose.ui.graphics.Shape? origin=DEFAULT_VALUE
          CONST Null type=androidx.compose.ui.graphics.Shape? value=null
        $mask0: CONST Int type=kotlin.Int value=2
        $handler: CONST Null type=kotlin.Any? value=null
      enabled: COMPOSITE type=kotlin.Boolean origin=DEFAULT_VALUE
        CONST Boolean type=kotlin.Boolean value=false
      colors: COMPOSITE type=androidx.compose.material3.IconButtonColors? origin=DEFAULT_VALUE
        CONST Null type=androidx.compose.material3.IconButtonColors? value=null
      interactionSource: COMPOSITE type=androidx.compose.foundation.interaction.MutableInteractionSource? origin=DEFAULT_VALUE
        CONST Null type=androidx.compose.foundation.interaction.MutableInteractionSource? value=null
      content: BLOCK type=kotlin.Function0<kotlin.Unit> origin=LAMBDA
        COMPOSITE type=kotlin.Unit origin=null
        CALL 'public final fun <jvm-indy> <T> (dynamicCall: T of kotlin.jvm.internal.<jvm-indy>, bootstrapMethodHandle: kotlin.Any, vararg bootstrapMethodArguments: kotlin.Any): T of kotlin.jvm.internal.<jvm-indy> declared in kotlin.jvm.internal' type=kotlin.Function0<kotlin.Unit> origin=null
          <T>: kotlin.Function0<kotlin.Unit>
          dynamicCall: CALL 'public final fun invoke (): kotlin.Function0<kotlin.Unit> declared in kotlin.jvm.internal.invokeDynamic' type=kotlin.Function0<kotlin.Unit> origin=null
          bootstrapMethodHandle: CALL 'public final fun <jvm-method-handle> (tag: kotlin.Int, owner: kotlin.String, name: kotlin.String, descriptor: kotlin.String, isInterface: kotlin.Boolean): kotlin.Any declared in kotlin.jvm.internal' type=kotlin.Any origin=null
            tag: CONST Int type=kotlin.Int value=6
            owner: CONST String type=kotlin.String value="java/lang/invoke/LambdaMetafactory"
            name: CONST String type=kotlin.String value="metafactory"
            descriptor: CONST String type=kotlin.String value="(Ljava/lang/invoke/MethodHandles$Lookup;Ljava/lang/String;Ljava/lang/invoke/MethodType;Ljava/lang/invoke/MethodType;Ljava/lang/invoke/MethodHandle;Ljava/lang/invoke/MethodType;)Ljava/lang/invoke/CallSite;"
            isInterface: CONST Boolean type=kotlin.Boolean value=false
          bootstrapMethodArguments: VARARG type=kotlin.Array<kotlin.Any> varargElementType=kotlin.Any
            CALL 'public final fun <jvm-original-method-type> (method: kotlin.Any): kotlin.Any declared in kotlin.jvm.internal' type=kotlin.Any origin=null
              method: RAW_FUNCTION_REFERENCE 'public abstract fun invoke (): R of kotlin.Function0 [operator] declared in kotlin.Function0' type=kotlin.Any
            RAW_FUNCTION_REFERENCE 'private final fun HuntingModeScreen$lambda$12$lambda$11 (): kotlin.Unit? declared in com.veteranop.trackem.ui.hunting.HuntingModeKt' type=kotlin.Any
            CALL 'public final fun <jvm-original-method-type> (method: kotlin.Any): kotlin.Any declared in kotlin.jvm.internal' type=kotlin.Any origin=null
              method: RAW_FUNCTION_REFERENCE 'public abstract fun invoke (): kotlin.Unit? [fake_override,operator] declared in kotlin.jvm.internal.invokeDynamic.<fake>' type=kotlin.Any
      $mask0: CONST Int type=kotlin.Int value=28
      $handler: CONST Null type=kotlin.Any? value=null

	at org.jetbrains.kotlin.backend.jvm.codegen.FunctionCodegen.generate(FunctionCodegen.kt:47)
	at org.jetbrains.kotlin.backend.jvm.codegen.IrSourceCompilerForInline.generateLambdaBody(IrSourceCompilerForInline.kt:67)
	at org.jetbrains.kotlin.codegen.inline.ExpressionLambda.generateLambdaBody(LambdaInfo.kt:72)
	at org.jetbrains.kotlin.backend.jvm.codegen.IrInlineCodegen.genValueAndPut(IrInlineCodegen.kt:100)
	at org.jetbrains.kotlin.backend.jvm.codegen.ExpressionCodegen.visitCall$handleParameter(ExpressionCodegen.kt:616)
	at org.jetbrains.kotlin.backend.jvm.codegen.ExpressionCodegen.visitCall(ExpressionCodegen.kt:644)
	at org.jetbrains.kotlin.backend.jvm.codegen.ExpressionCodegen.visitCall(ExpressionCodegen.kt:138)
	at org.jetbrains.kotlin.ir.expressions.IrCall.accept(IrCall.kt:24)
	at org.jetbrains.kotlin.backend.jvm.codegen.ExpressionCodegen.visitStatementContainer(ExpressionCodegen.kt:579)
	at org.jetbrains.kotlin.backend.jvm.codegen.ExpressionCodegen.visitBlockBody(ExpressionCodegen.kt:584)
	at org.jetbrains.kotlin.backend.jvm.codegen.ExpressionCodegen.visitBlockBody(ExpressionCodegen.kt:138)
	at org.jetbrains.kotlin.ir.expressions.IrBlockBody.accept(IrBlockBody.kt:20)
	at org.jetbrains.kotlin.backend.jvm.codegen.ExpressionCodegen.generate(ExpressionCodegen.kt:240)
	at org.jetbrains.kotlin.backend.jvm.codegen.FunctionCodegen.doGenerate(FunctionCodegen.kt:123)
	at org.jetbrains.kotlin.backend.jvm.codegen.FunctionCodegen.generate(FunctionCodegen.kt:44)
	... 53 more
Caused by: org.jetbrains.kotlin.codegen.CompilationException: Back-end (JVM) Internal error: Couldn't inline method call: CALL 'public final fun Column$default (modifier: androidx.compose.ui.Modifier?, verticalArrangement: androidx.compose.foundation.layout.Arrangement.Vertical?, horizontalAlignment: androidx.compose.ui.Alignment.Horizontal?, content: @[Composable] @[ExtensionFunctionType] kotlin.Function1<androidx.compose.foundation.layout.ColumnScope, kotlin.Unit>, $mask0: kotlin.Int, $handler: kotlin.Any?): kotlin.Unit [inline] declared in androidx.compose.foundation.layout.ColumnKt' type=kotlin.Unit origin=DEFAULT_DISPATCH_CALL
Method: null
File is unknown
The root cause java.lang.IllegalStateException was thrown at: org.jetbrains.kotlin.codegen.inline.SourceCompilerForInlineKt.getMethodNode(SourceCompilerForInline.kt:118)
	at org.jetbrains.kotlin.codegen.inline.InlineCodegen.performInline(InlineCodegen.kt:65)
	at org.jetbrains.kotlin.backend.jvm.codegen.IrInlineCodegen.genInlineCall(IrInlineCodegen.kt:163)
	at org.jetbrains.kotlin.backend.jvm.codegen.IrInlineCallGenerator.genCall(IrInlineCallGenerator.kt:36)
	at org.jetbrains.kotlin.backend.jvm.codegen.ExpressionCodegen.visitCall(ExpressionCodegen.kt:653)
	at org.jetbrains.kotlin.backend.jvm.codegen.ExpressionCodegen.visitCall(ExpressionCodegen.kt:138)
	at org.jetbrains.kotlin.ir.expressions.IrCall.accept(IrCall.kt:24)
	at org.jetbrains.kotlin.backend.jvm.codegen.ExpressionCodegen.visitStatementContainer(ExpressionCodegen.kt:579)
	at org.jetbrains.kotlin.backend.jvm.codegen.ExpressionCodegen.visitBlockBody(ExpressionCodegen.kt:584)
	at org.jetbrains.kotlin.backend.jvm.codegen.ExpressionCodegen.visitBlockBody(ExpressionCodegen.kt:138)
	at org.jetbrains.kotlin.ir.expressions.IrBlockBody.accept(IrBlockBody.kt:20)
	at org.jetbrains.kotlin.backend.jvm.codegen.ExpressionCodegen.generate(ExpressionCodegen.kt:240)
	at org.jetbrains.kotlin.backend.jvm.codegen.FunctionCodegen.doGenerate(FunctionCodegen.kt:123)
	at org.jetbrains.kotlin.backend.jvm.codegen.FunctionCodegen.generate(FunctionCodegen.kt:44)
	... 67 more
Caused by: java.lang.IllegalStateException: couldn't find inline method Landroidx/compose/foundation/layout/ColumnKt;.Column$default(Landroidx/compose/ui/Modifier;Landroidx/compose/foundation/layout/Arrangement$Vertical;Landroidx/compose/ui/Alignment$Horizontal;Lkotlin/jvm/functions/Function1;ILjava/lang/Object;)V
	at org.jetbrains.kotlin.codegen.inline.SourceCompilerForInlineKt.getMethodNode(SourceCompilerForInline.kt:118)
	at org.jetbrains.kotlin.codegen.inline.SourceCompilerForInlineKt.loadCompiledInlineFunction(SourceCompilerForInline.kt:96)
	at org.jetbrains.kotlin.backend.jvm.codegen.IrSourceCompilerForInline.compileInlineFunction(IrSourceCompilerForInline.kt:91)
	at org.jetbrains.kotlin.codegen.inline.InlineCodegen.compileInline(InlineCodegen.kt:43)
	at org.jetbrains.kotlin.codegen.inline.InlineCodegen.performInline(InlineCodegen.kt:51)
	... 79 more


